Archive member included to satisfy reference by file (symbol)

c:/program files/stm32cubeide_1.8.0/stm32cubeide/plugins/com.st.stm32cube.ide.mcu.externaltools.gnu-tools-for-stm32.9-2020-q2-update.win32_2.0.0.202105311346/tools/bin/../lib/gcc/arm-none-eabi/9.3.1/../../../../arm-none-eabi/lib/thumb/v7e-m+fp/hard\libc_nano.a(lib_a-errno.o)
                              ./Core/Src/syscalls.o (__errno)
c:/program files/stm32cubeide_1.8.0/stm32cubeide/plugins/com.st.stm32cube.ide.mcu.externaltools.gnu-tools-for-stm32.9-2020-q2-update.win32_2.0.0.202105311346/tools/bin/../lib/gcc/arm-none-eabi/9.3.1/../../../../arm-none-eabi/lib/thumb/v7e-m+fp/hard\libc_nano.a(lib_a-exit.o)
                              c:/program files/stm32cubeide_1.8.0/stm32cubeide/plugins/com.st.stm32cube.ide.mcu.externaltools.gnu-tools-for-stm32.9-2020-q2-update.win32_2.0.0.202105311346/tools/bin/../lib/gcc/arm-none-eabi/9.3.1/../../../../arm-none-eabi/lib/thumb/v7e-m+fp/hard/crt0.o (exit)
c:/program files/stm32cubeide_1.8.0/stm32cubeide/plugins/com.st.stm32cube.ide.mcu.externaltools.gnu-tools-for-stm32.9-2020-q2-update.win32_2.0.0.202105311346/tools/bin/../lib/gcc/arm-none-eabi/9.3.1/../../../../arm-none-eabi/lib/thumb/v7e-m+fp/hard\libc_nano.a(lib_a-impure.o)
                              c:/program files/stm32cubeide_1.8.0/stm32cubeide/plugins/com.st.stm32cube.ide.mcu.externaltools.gnu-tools-for-stm32.9-2020-q2-update.win32_2.0.0.202105311346/tools/bin/../lib/gcc/arm-none-eabi/9.3.1/../../../../arm-none-eabi/lib/thumb/v7e-m+fp/hard\libc_nano.a(lib_a-exit.o) (_global_impure_ptr)
c:/program files/stm32cubeide_1.8.0/stm32cubeide/plugins/com.st.stm32cube.ide.mcu.externaltools.gnu-tools-for-stm32.9-2020-q2-update.win32_2.0.0.202105311346/tools/bin/../lib/gcc/arm-none-eabi/9.3.1/../../../../arm-none-eabi/lib/thumb/v7e-m+fp/hard\libc_nano.a(lib_a-init.o)
                              c:/program files/stm32cubeide_1.8.0/stm32cubeide/plugins/com.st.stm32cube.ide.mcu.externaltools.gnu-tools-for-stm32.9-2020-q2-update.win32_2.0.0.202105311346/tools/bin/../lib/gcc/arm-none-eabi/9.3.1/../../../../arm-none-eabi/lib/thumb/v7e-m+fp/hard/crt0.o (__libc_init_array)
c:/program files/stm32cubeide_1.8.0/stm32cubeide/plugins/com.st.stm32cube.ide.mcu.externaltools.gnu-tools-for-stm32.9-2020-q2-update.win32_2.0.0.202105311346/tools/bin/../lib/gcc/arm-none-eabi/9.3.1/../../../../arm-none-eabi/lib/thumb/v7e-m+fp/hard\libc_nano.a(lib_a-memset.o)
                              c:/program files/stm32cubeide_1.8.0/stm32cubeide/plugins/com.st.stm32cube.ide.mcu.externaltools.gnu-tools-for-stm32.9-2020-q2-update.win32_2.0.0.202105311346/tools/bin/../lib/gcc/arm-none-eabi/9.3.1/../../../../arm-none-eabi/lib/thumb/v7e-m+fp/hard/crt0.o (memset)
c:/program files/stm32cubeide_1.8.0/stm32cubeide/plugins/com.st.stm32cube.ide.mcu.externaltools.gnu-tools-for-stm32.9-2020-q2-update.win32_2.0.0.202105311346/tools/bin/../lib/gcc/arm-none-eabi/9.3.1/thumb/v7e-m+fp/hard\libgcc.a(_aeabi_uldivmod.o)
                              ./Drivers/STM32F4xx_HAL_Driver/Src/stm32f4xx_hal_rcc.o (__aeabi_uldivmod)
c:/program files/stm32cubeide_1.8.0/stm32cubeide/plugins/com.st.stm32cube.ide.mcu.externaltools.gnu-tools-for-stm32.9-2020-q2-update.win32_2.0.0.202105311346/tools/bin/../lib/gcc/arm-none-eabi/9.3.1/thumb/v7e-m+fp/hard\libgcc.a(_udivmoddi4.o)
                              c:/program files/stm32cubeide_1.8.0/stm32cubeide/plugins/com.st.stm32cube.ide.mcu.externaltools.gnu-tools-for-stm32.9-2020-q2-update.win32_2.0.0.202105311346/tools/bin/../lib/gcc/arm-none-eabi/9.3.1/thumb/v7e-m+fp/hard\libgcc.a(_aeabi_uldivmod.o) (__udivmoddi4)
c:/program files/stm32cubeide_1.8.0/stm32cubeide/plugins/com.st.stm32cube.ide.mcu.externaltools.gnu-tools-for-stm32.9-2020-q2-update.win32_2.0.0.202105311346/tools/bin/../lib/gcc/arm-none-eabi/9.3.1/thumb/v7e-m+fp/hard\libgcc.a(_dvmd_tls.o)
                              c:/program files/stm32cubeide_1.8.0/stm32cubeide/plugins/com.st.stm32cube.ide.mcu.externaltools.gnu-tools-for-stm32.9-2020-q2-update.win32_2.0.0.202105311346/tools/bin/../lib/gcc/arm-none-eabi/9.3.1/thumb/v7e-m+fp/hard\libgcc.a(_aeabi_uldivmod.o) (__aeabi_ldiv0)

Allocating common symbols
Common symbol       size              file

hUsbDeviceFS        0x2d0             ./USB_DEVICE/App/usb_device.o
hpcd_USB_OTG_FS     0x408             ./USB_DEVICE/Target/usbd_conf.o
hi2c2               0x54              ./Core/Src/i2c.o
uwTick              0x4               ./Drivers/STM32F4xx_HAL_Driver/Src/stm32f4xx_hal.o
pFlash              0x20              ./Drivers/STM32F4xx_HAL_Driver/Src/stm32f4xx_hal_flash.o
UserRxBufferFS      0x800             ./USB_DEVICE/App/usbd_cdc_if.o
UserTxBufferFS      0x800             ./USB_DEVICE/App/usbd_cdc_if.o
USBD_StrDesc        0x200             ./USB_DEVICE/App/usbd_desc.o

Discarded input sections

[...]
Memory Configuration

Name             Origin             Length             Attributes
CCMRAM           0x0000000010000000 0x0000000000010000 xrw
RAM              0x0000000020000000 0x0000000000020000 xrw
FLASH            0x0000000008000000 0x0000000000080000 xr
*default*        0x0000000000000000 0xffffffffffffffff

Linker script and memory map

LOAD c:/program files/stm32cubeide_1.8.0/stm32cubeide/plugins/com.st.stm32cube.ide.mcu.externaltools.gnu-tools-for-stm32.9-2020-q2-update.win32_2.0.0.202105311346/tools/bin/../lib/gcc/arm-none-eabi/9.3.1/thumb/v7e-m+fp/hard/crti.o
LOAD c:/program files/stm32cubeide_1.8.0/stm32cubeide/plugins/com.st.stm32cube.ide.mcu.externaltools.gnu-tools-for-stm32.9-2020-q2-update.win32_2.0.0.202105311346/tools/bin/../lib/gcc/arm-none-eabi/9.3.1/thumb/v7e-m+fp/hard/crtbegin.o
LOAD c:/program files/stm32cubeide_1.8.0/stm32cubeide/plugins/com.st.stm32cube.ide.mcu.externaltools.gnu-tools-for-stm32.9-2020-q2-update.win32_2.0.0.202105311346/tools/bin/../lib/gcc/arm-none-eabi/9.3.1/../../../../arm-none-eabi/lib/thumb/v7e-m+fp/hard/crt0.o
LOAD ./Core/Src/gpio.o
LOAD ./Core/Src/i2c.o
LOAD ./Core/Src/main.o
LOAD ./Core/Src/stm32f4xx_hal_msp.o
LOAD ./Core/Src/stm32f4xx_it.o
LOAD ./Core/Src/syscalls.o
LOAD ./Core/Src/sysmem.o
LOAD ./Core/Src/system_stm32f4xx.o
LOAD ./Core/Startup/startup_stm32f407zetx.o
LOAD ./Drivers/STM32F4xx_HAL_Driver/Src/stm32f4xx_hal.o
LOAD ./Drivers/STM32F4xx_HAL_Driver/Src/stm32f4xx_hal_cortex.o
LOAD ./Drivers/STM32F4xx_HAL_Driver/Src/stm32f4xx_hal_dma.o
LOAD ./Drivers/STM32F4xx_HAL_Driver/Src/stm32f4xx_hal_dma_ex.o
LOAD ./Drivers/STM32F4xx_HAL_Driver/Src/stm32f4xx_hal_exti.o
LOAD ./Drivers/STM32F4xx_HAL_Driver/Src/stm32f4xx_hal_flash.o
LOAD ./Drivers/STM32F4xx_HAL_Driver/Src/stm32f4xx_hal_flash_ex.o
LOAD ./Drivers/STM32F4xx_HAL_Driver/Src/stm32f4xx_hal_flash_ramfunc.o
LOAD ./Drivers/STM32F4xx_HAL_Driver/Src/stm32f4xx_hal_gpio.o
LOAD ./Drivers/STM32F4xx_HAL_Driver/Src/stm32f4xx_hal_i2c.o
LOAD ./Drivers/STM32F4xx_HAL_Driver/Src/stm32f4xx_hal_i2c_ex.o
LOAD ./Drivers/STM32F4xx_HAL_Driver/Src/stm32f4xx_hal_pcd.o
LOAD ./Drivers/STM32F4xx_HAL_Driver/Src/stm32f4xx_hal_pcd_ex.o
LOAD ./Drivers/STM32F4xx_HAL_Driver/Src/stm32f4xx_hal_pwr.o
LOAD ./Drivers/STM32F4xx_HAL_Driver/Src/stm32f4xx_hal_pwr_ex.o
LOAD ./Drivers/STM32F4xx_HAL_Driver/Src/stm32f4xx_hal_rcc.o
LOAD ./Drivers/STM32F4xx_HAL_Driver/Src/stm32f4xx_hal_rcc_ex.o
LOAD ./Drivers/STM32F4xx_HAL_Driver/Src/stm32f4xx_hal_tim.o
LOAD ./Drivers/STM32F4xx_HAL_Driver/Src/stm32f4xx_hal_tim_ex.o
LOAD ./Drivers/STM32F4xx_HAL_Driver/Src/stm32f4xx_ll_usb.o
LOAD ./Middlewares/ST/STM32_USB_Device_Library/Class/CDC/Src/usbd_cdc.o
LOAD ./Middlewares/ST/STM32_USB_Device_Library/Core/Src/usbd_core.o
LOAD ./Middlewares/ST/STM32_USB_Device_Library/Core/Src/usbd_ctlreq.o
LOAD ./Middlewares/ST/STM32_USB_Device_Library/Core/Src/usbd_ioreq.o
LOAD ./USB_DEVICE/App/usb_device.o
LOAD ./USB_DEVICE/App/usbd_cdc_if.o
LOAD ./USB_DEVICE/App/usbd_desc.o
LOAD ./USB_DEVICE/Target/usbd_conf.o
START GROUP
LOAD c:/program files/stm32cubeide_1.8.0/stm32cubeide/plugins/com.st.stm32cube.ide.mcu.externaltools.gnu-tools-for-stm32.9-2020-q2-update.win32_2.0.0.202105311346/tools/bin/../lib/gcc/arm-none-eabi/9.3.1/../../../../arm-none-eabi/lib/thumb/v7e-m+fp/hard\libc_nano.a
LOAD c:/program files/stm32cubeide_1.8.0/stm32cubeide/plugins/com.st.stm32cube.ide.mcu.externaltools.gnu-tools-for-stm32.9-2020-q2-update.win32_2.0.0.202105311346/tools/bin/../lib/gcc/arm-none-eabi/9.3.1/../../../../arm-none-eabi/lib/thumb/v7e-m+fp/hard\libm.a
END GROUP
START GROUP
LOAD c:/program files/stm32cubeide_1.8.0/stm32cubeide/plugins/com.st.stm32cube.ide.mcu.externaltools.gnu-tools-for-stm32.9-2020-q2-update.win32_2.0.0.202105311346/tools/bin/../lib/gcc/arm-none-eabi/9.3.1/thumb/v7e-m+fp/hard\libgcc.a
LOAD c:/program files/stm32cubeide_1.8.0/stm32cubeide/plugins/com.st.stm32cube.ide.mcu.externaltools.gnu-tools-for-stm32.9-2020-q2-update.win32_2.0.0.202105311346/tools/bin/../lib/gcc/arm-none-eabi/9.3.1/../../../../arm-none-eabi/lib/thumb/v7e-m+fp/hard\libc_nano.a
END GROUP
START GROUP
LOAD c:/program files/stm32cubeide_1.8.0/stm32cubeide/plugins/com.st.stm32cube.ide.mcu.externaltools.gnu-tools-for-stm32.9-2020-q2-update.win32_2.0.0.202105311346/tools/bin/../lib/gcc/arm-none-eabi/9.3.1/thumb/v7e-m+fp/hard\libgcc.a
LOAD c:/program files/stm32cubeide_1.8.0/stm32cubeide/plugins/com.st.stm32cube.ide.mcu.externaltools.gnu-tools-for-stm32.9-2020-q2-update.win32_2.0.0.202105311346/tools/bin/../lib/gcc/arm-none-eabi/9.3.1/../../../../arm-none-eabi/lib/thumb/v7e-m+fp/hard\libc_nano.a
LOAD c:/program files/stm32cubeide_1.8.0/stm32cubeide/plugins/com.st.stm32cube.ide.mcu.externaltools.gnu-tools-for-stm32.9-2020-q2-update.win32_2.0.0.202105311346/tools/bin/../lib/gcc/arm-none-eabi/9.3.1/../../../../arm-none-eabi/lib/thumb/v7e-m+fp/hard\libnosys.a
END GROUP
START GROUP
LOAD c:/program files/stm32cubeide_1.8.0/stm32cubeide/plugins/com.st.stm32cube.ide.mcu.externaltools.gnu-tools-for-stm32.9-2020-q2-update.win32_2.0.0.202105311346/tools/bin/../lib/gcc/arm-none-eabi/9.3.1/thumb/v7e-m+fp/hard\libgcc.a
LOAD c:/program files/stm32cubeide_1.8.0/stm32cubeide/plugins/com.st.stm32cube.ide.mcu.externaltools.gnu-tools-for-stm32.9-2020-q2-update.win32_2.0.0.202105311346/tools/bin/../lib/gcc/arm-none-eabi/9.3.1/../../../../arm-none-eabi/lib/thumb/v7e-m+fp/hard\libc_nano.a
LOAD c:/program files/stm32cubeide_1.8.0/stm32cubeide/plugins/com.st.stm32cube.ide.mcu.externaltools.gnu-tools-for-stm32.9-2020-q2-update.win32_2.0.0.202105311346/tools/bin/../lib/gcc/arm-none-eabi/9.3.1/../../../../arm-none-eabi/lib/thumb/v7e-m+fp/hard\libnosys.a
END GROUP
LOAD c:/program files/stm32cubeide_1.8.0/stm32cubeide/plugins/com.st.stm32cube.ide.mcu.externaltools.gnu-tools-for-stm32.9-2020-q2-update.win32_2.0.0.202105311346/tools/bin/../lib/gcc/arm-none-eabi/9.3.1/thumb/v7e-m+fp/hard/crtend.o
LOAD c:/program files/stm32cubeide_1.8.0/stm32cubeide/plugins/com.st.stm32cube.ide.mcu.externaltools.gnu-tools-for-stm32.9-2020-q2-update.win32_2.0.0.202105311346/tools/bin/../lib/gcc/arm-none-eabi/9.3.1/thumb/v7e-m+fp/hard/crtn.o
                0x0000000020020000                _estack = (ORIGIN (RAM) + LENGTH (RAM))
                0x0000000000000600                _Min_Heap_Size = 0x600
                0x0000000000000400                _Min_Stack_Size = 0x400

.isr_vector     0x0000000008000000      0x188
                0x0000000008000000                . = ALIGN (0x4)
 *(.isr_vector)
 .isr_vector    0x0000000008000000      0x188 ./Core/Startup/startup_stm32f407zetx.o
                0x0000000008000000                g_pfnVectors
                0x0000000008000188                . = ALIGN (0x4)

.text           0x0000000008000188     0x6f78
                0x0000000008000188                . = ALIGN (0x4)
 *(.text)
 .text          0x0000000008000188       0x40 c:/program files/stm32cubeide_1.8.0/stm32cubeide/plugins/com.st.stm32cube.ide.mcu.externaltools.gnu-tools-for-stm32.9-2020-q2-update.win32_2.0.0.202105311346/tools/bin/../lib/gcc/arm-none-eabi/9.3.1/thumb/v7e-m+fp/hard/crtbegin.o
 .text          0x00000000080001c8       0x30 c:/program files/stm32cubeide_1.8.0/stm32cubeide/plugins/com.st.stm32cube.ide.mcu.externaltools.gnu-tools-for-stm32.9-2020-q2-update.win32_2.0.0.202105311346/tools/bin/../lib/gcc/arm-none-eabi/9.3.1/thumb/v7e-m+fp/hard\libgcc.a(_aeabi_uldivmod.o)
                0x00000000080001c8                __aeabi_uldivmod
 .text          0x00000000080001f8      0x2c4 c:/program files/stm32cubeide_1.8.0/stm32cubeide/plugins/com.st.stm32cube.ide.mcu.externaltools.gnu-tools-for-stm32.9-2020-q2-update.win32_2.0.0.202105311346/tools/bin/../lib/gcc/arm-none-eabi/9.3.1/thumb/v7e-m+fp/hard\libgcc.a(_udivmoddi4.o)
                0x00000000080001f8                __udivmoddi4
 .text          0x00000000080004bc        0x4 c:/program files/stm32cubeide_1.8.0/stm32cubeide/plugins/com.st.stm32cube.ide.mcu.externaltools.gnu-tools-for-stm32.9-2020-q2-update.win32_2.0.0.202105311346/tools/bin/../lib/gcc/arm-none-eabi/9.3.1/thumb/v7e-m+fp/hard\libgcc.a(_dvmd_tls.o)
                0x00000000080004bc                __aeabi_idiv0
                0x00000000080004bc                __aeabi_ldiv0
 *(.text*)
 .text.MX_GPIO_Init
                0x00000000080004c0      0x138 ./Core/Src/gpio.o
                0x00000000080004c0                MX_GPIO_Init
 .text.MX_I2C2_Init
                0x00000000080005f8       0x5c ./Core/Src/i2c.o
                0x00000000080005f8                MX_I2C2_Init
 .text.HAL_I2C_MspInit
                0x0000000008000654       0x90 ./Core/Src/i2c.o
                0x0000000008000654                HAL_I2C_MspInit
 .text.main     0x00000000080006e4       0x1a ./Core/Src/main.o
                0x00000000080006e4                main
 *fill*         0x00000000080006fe        0x2 
 .text.SystemClock_Config
                0x0000000008000700       0xd8 ./Core/Src/main.o
                0x0000000008000700                SystemClock_Config
 .text.Error_Handler
                0x00000000080007d8        0xa ./Core/Src/main.o
                0x00000000080007d8                Error_Handler
 .text.assert_failed
                0x00000000080007e2       0x16 ./Core/Src/main.o
                0x00000000080007e2                assert_failed
 .text.HAL_MspInit
                0x00000000080007f8       0x50 ./Core/Src/stm32f4xx_hal_msp.o
                0x00000000080007f8                HAL_MspInit
 .text.NMI_Handler
                0x0000000008000848        0x6 ./Core/Src/stm32f4xx_it.o
                0x0000000008000848                NMI_Handler
 .text.HardFault_Handler
                0x000000000800084e        0x6 ./Core/Src/stm32f4xx_it.o
                0x000000000800084e                HardFault_Handler
 .text.MemManage_Handler
                0x0000000008000854        0x6 ./Core/Src/stm32f4xx_it.o
                0x0000000008000854                MemManage_Handler
 .text.BusFault_Handler
                0x000000000800085a        0x6 ./Core/Src/stm32f4xx_it.o
                0x000000000800085a                BusFault_Handler
 .text.UsageFault_Handler
                0x0000000008000860        0x6 ./Core/Src/stm32f4xx_it.o
                0x0000000008000860                UsageFault_Handler
 .text.SVC_Handler
                0x0000000008000866        0xe ./Core/Src/stm32f4xx_it.o
                0x0000000008000866                SVC_Handler
 .text.DebugMon_Handler
                0x0000000008000874        0xe ./Core/Src/stm32f4xx_it.o
                0x0000000008000874                DebugMon_Handler
 .text.PendSV_Handler
                0x0000000008000882        0xe ./Core/Src/stm32f4xx_it.o
                0x0000000008000882                PendSV_Handler
 .text.SysTick_Handler
                0x0000000008000890        0xc ./Core/Src/stm32f4xx_it.o
                0x0000000008000890                SysTick_Handler
 .text.EXTI1_IRQHandler
                0x000000000800089c        0xe ./Core/Src/stm32f4xx_it.o
                0x000000000800089c                EXTI1_IRQHandler
 *fill*         0x00000000080008aa        0x2 
 .text.OTG_FS_IRQHandler
                0x00000000080008ac       0x14 ./Core/Src/stm32f4xx_it.o
                0x00000000080008ac                OTG_FS_IRQHandler
 .text.HAL_GPIO_EXTI_Callback
                0x00000000080008c0       0x34 ./Core/Src/stm32f4xx_it.o
                0x00000000080008c0                HAL_GPIO_EXTI_Callback
 .text.SystemInit
                0x00000000080008f4       0x24 ./Core/Src/system_stm32f4xx.o
                0x00000000080008f4                SystemInit
 .text.Reset_Handler
                0x0000000008000918       0x50 ./Core/Startup/startup_stm32f407zetx.o
                0x0000000008000918                Reset_Handler
 .text.Default_Handler
                0x0000000008000968        0x2 ./Core/Startup/startup_stm32f407zetx.o
                0x0000000008000968                RTC_Alarm_IRQHandler
                0x0000000008000968                HASH_RNG_IRQHandler
                0x0000000008000968                EXTI2_IRQHandler
                0x0000000008000968                TIM8_CC_IRQHandler
                0x0000000008000968                TIM1_CC_IRQHandler
                0x0000000008000968                DMA2_Stream5_IRQHandler
                0x0000000008000968                DMA1_Stream5_IRQHandler
                0x0000000008000968                PVD_IRQHandler
                0x0000000008000968                SDIO_IRQHandler
                0x0000000008000968                TAMP_STAMP_IRQHandler
                0x0000000008000968                CAN2_RX1_IRQHandler
                0x0000000008000968                EXTI3_IRQHandler
                0x0000000008000968                TIM8_TRG_COM_TIM14_IRQHandler
                0x0000000008000968                TIM1_UP_TIM10_IRQHandler
                0x0000000008000968                TIM8_UP_TIM13_IRQHandler
                0x0000000008000968                I2C3_ER_IRQHandler
                0x0000000008000968                EXTI0_IRQHandler
                0x0000000008000968                I2C2_EV_IRQHandler
                0x0000000008000968                DMA1_Stream2_IRQHandler
                0x0000000008000968                CAN1_RX0_IRQHandler
                0x0000000008000968                FPU_IRQHandler
                0x0000000008000968                OTG_HS_WKUP_IRQHandler
                0x0000000008000968                CAN2_SCE_IRQHandler
                0x0000000008000968                DMA2_Stream2_IRQHandler
                0x0000000008000968                SPI1_IRQHandler
                0x0000000008000968                TIM6_DAC_IRQHandler
                0x0000000008000968                TIM1_BRK_TIM9_IRQHandler
                0x0000000008000968                DCMI_IRQHandler
                0x0000000008000968                CAN2_RX0_IRQHandler
                0x0000000008000968                DMA2_Stream3_IRQHandler
                0x0000000008000968                USART6_IRQHandler
                0x0000000008000968                USART3_IRQHandler
                0x0000000008000968                CAN1_RX1_IRQHandler
                0x0000000008000968                UART5_IRQHandler
                0x0000000008000968                DMA2_Stream0_IRQHandler
                0x0000000008000968                TIM4_IRQHandler
                0x0000000008000968                I2C1_EV_IRQHandler
                0x0000000008000968                DMA1_Stream6_IRQHandler
                0x0000000008000968                DMA1_Stream1_IRQHandler
                0x0000000008000968                UART4_IRQHandler
                0x0000000008000968                TIM3_IRQHandler
                0x0000000008000968                RCC_IRQHandler
                0x0000000008000968                TIM8_BRK_TIM12_IRQHandler
                0x0000000008000968                Default_Handler
                0x0000000008000968                EXTI15_10_IRQHandler
                0x0000000008000968                ADC_IRQHandler
                0x0000000008000968                DMA1_Stream7_IRQHandler
                0x0000000008000968                TIM7_IRQHandler
                0x0000000008000968                CAN2_TX_IRQHandler
                0x0000000008000968                TIM5_IRQHandler
                0x0000000008000968                DMA2_Stream7_IRQHandler
                0x0000000008000968                I2C3_EV_IRQHandler
                0x0000000008000968                EXTI9_5_IRQHandler
                0x0000000008000968                RTC_WKUP_IRQHandler
                0x0000000008000968                ETH_WKUP_IRQHandler
                0x0000000008000968                SPI2_IRQHandler
                0x0000000008000968                OTG_HS_EP1_IN_IRQHandler
                0x0000000008000968                DMA1_Stream0_IRQHandler
                0x0000000008000968                CAN1_TX_IRQHandler
                0x0000000008000968                EXTI4_IRQHandler
                0x0000000008000968                FSMC_IRQHandler
                0x0000000008000968                ETH_IRQHandler
                0x0000000008000968                OTG_HS_EP1_OUT_IRQHandler
                0x0000000008000968                WWDG_IRQHandler
                0x0000000008000968                TIM2_IRQHandler
                0x0000000008000968                OTG_FS_WKUP_IRQHandler
                0x0000000008000968                TIM1_TRG_COM_TIM11_IRQHandler
                0x0000000008000968                OTG_HS_IRQHandler
                0x0000000008000968                USART2_IRQHandler
                0x0000000008000968                I2C2_ER_IRQHandler
                0x0000000008000968                DMA2_Stream1_IRQHandler
                0x0000000008000968                CAN1_SCE_IRQHandler
                0x0000000008000968                FLASH_IRQHandler
                0x0000000008000968                DMA2_Stream4_IRQHandler
                0x0000000008000968                USART1_IRQHandler
                0x0000000008000968                SPI3_IRQHandler
                0x0000000008000968                DMA1_Stream4_IRQHandler
                0x0000000008000968                I2C1_ER_IRQHandler
                0x0000000008000968                DMA2_Stream6_IRQHandler
                0x0000000008000968                DMA1_Stream3_IRQHandler
 *fill*         0x000000000800096a        0x2 
 .text.HAL_Init
                0x000000000800096c       0x44 ./Drivers/STM32F4xx_HAL_Driver/Src/stm32f4xx_hal.o
                0x000000000800096c                HAL_Init
 .text.HAL_InitTick
                0x00000000080009b0       0x60 ./Drivers/STM32F4xx_HAL_Driver/Src/stm32f4xx_hal.o
                0x00000000080009b0                HAL_InitTick
 .text.HAL_IncTick
                0x0000000008000a10       0x28 ./Drivers/STM32F4xx_HAL_Driver/Src/stm32f4xx_hal.o
                0x0000000008000a10                HAL_IncTick
 .text.HAL_GetTick
                0x0000000008000a38       0x18 ./Drivers/STM32F4xx_HAL_Driver/Src/stm32f4xx_hal.o
                0x0000000008000a38                HAL_GetTick
 .text.HAL_Delay
                0x0000000008000a50       0x48 ./Drivers/STM32F4xx_HAL_Driver/Src/stm32f4xx_hal.o
                0x0000000008000a50                HAL_Delay
 .text.__NVIC_SetPriorityGrouping
                0x0000000008000a98       0x48 ./Drivers/STM32F4xx_HAL_Driver/Src/stm32f4xx_hal_cortex.o
 .text.__NVIC_GetPriorityGrouping
                0x0000000008000ae0       0x1c ./Drivers/STM32F4xx_HAL_Driver/Src/stm32f4xx_hal_cortex.o
 .text.__NVIC_EnableIRQ
                0x0000000008000afc       0x3c ./Drivers/STM32F4xx_HAL_Driver/Src/stm32f4xx_hal_cortex.o
 .text.__NVIC_SetPriority
                0x0000000008000b38       0x54 ./Drivers/STM32F4xx_HAL_Driver/Src/stm32f4xx_hal_cortex.o
 .text.NVIC_EncodePriority
                0x0000000008000b8c       0x66 ./Drivers/STM32F4xx_HAL_Driver/Src/stm32f4xx_hal_cortex.o
 *fill*         0x0000000008000bf2        0x2 
 .text.SysTick_Config
                0x0000000008000bf4       0x44 ./Drivers/STM32F4xx_HAL_Driver/Src/stm32f4xx_hal_cortex.o
 .text.HAL_NVIC_SetPriorityGrouping
                0x0000000008000c38       0x40 ./Drivers/STM32F4xx_HAL_Driver/Src/stm32f4xx_hal_cortex.o
                0x0000000008000c38                HAL_NVIC_SetPriorityGrouping
 .text.HAL_NVIC_SetPriority
                0x0000000008000c78       0x58 ./Drivers/STM32F4xx_HAL_Driver/Src/stm32f4xx_hal_cortex.o
                0x0000000008000c78                HAL_NVIC_SetPriority
 .text.HAL_NVIC_EnableIRQ
                0x0000000008000cd0       0x30 ./Drivers/STM32F4xx_HAL_Driver/Src/stm32f4xx_hal_cortex.o
                0x0000000008000cd0                HAL_NVIC_EnableIRQ
 .text.HAL_SYSTICK_Config
                0x0000000008000d00       0x18 ./Drivers/STM32F4xx_HAL_Driver/Src/stm32f4xx_hal_cortex.o
                0x0000000008000d00                HAL_SYSTICK_Config
 .text.HAL_GPIO_Init
                0x0000000008000d18      0x5c0 ./Drivers/STM32F4xx_HAL_Driver/Src/stm32f4xx_hal_gpio.o
                0x0000000008000d18                HAL_GPIO_Init
 .text.HAL_GPIO_ReadPin
                0x00000000080012d8       0x4c ./Drivers/STM32F4xx_HAL_Driver/Src/stm32f4xx_hal_gpio.o
                0x00000000080012d8                HAL_GPIO_ReadPin
 .text.HAL_GPIO_WritePin
                0x0000000008001324       0x64 ./Drivers/STM32F4xx_HAL_Driver/Src/stm32f4xx_hal_gpio.o
                0x0000000008001324                HAL_GPIO_WritePin
 .text.HAL_GPIO_TogglePin
                0x0000000008001388       0x50 ./Drivers/STM32F4xx_HAL_Driver/Src/stm32f4xx_hal_gpio.o
                0x0000000008001388                HAL_GPIO_TogglePin
 .text.HAL_GPIO_EXTI_IRQHandler
                0x00000000080013d8       0x30 ./Drivers/STM32F4xx_HAL_Driver/Src/stm32f4xx_hal_gpio.o
                0x00000000080013d8                HAL_GPIO_EXTI_IRQHandler
 .text.HAL_I2C_Init
                0x0000000008001408      0x398 ./Drivers/STM32F4xx_HAL_Driver/Src/stm32f4xx_hal_i2c.o
                0x0000000008001408                HAL_I2C_Init
 .text.HAL_PCD_Init
                0x00000000080017a0      0x260 ./Drivers/STM32F4xx_HAL_Driver/Src/stm32f4xx_hal_pcd.o
                0x00000000080017a0                HAL_PCD_Init
 .text.HAL_PCD_Start
                0x0000000008001a00       0x66 ./Drivers/STM32F4xx_HAL_Driver/Src/stm32f4xx_hal_pcd.o
                0x0000000008001a00                HAL_PCD_Start
 .text.HAL_PCD_IRQHandler
                0x0000000008001a66      0x764 ./Drivers/STM32F4xx_HAL_Driver/Src/stm32f4xx_hal_pcd.o
                0x0000000008001a66                HAL_PCD_IRQHandler
 .text.HAL_PCD_SetAddress
                0x00000000080021ca       0x4a ./Drivers/STM32F4xx_HAL_Driver/Src/stm32f4xx_hal_pcd.o
                0x00000000080021ca                HAL_PCD_SetAddress
 .text.HAL_PCD_EP_Open
                0x0000000008002214       0xd0 ./Drivers/STM32F4xx_HAL_Driver/Src/stm32f4xx_hal_pcd.o
                0x0000000008002214                HAL_PCD_EP_Open
 .text.HAL_PCD_EP_Close
                0x00000000080022e4       0x94 ./Drivers/STM32F4xx_HAL_Driver/Src/stm32f4xx_hal_pcd.o
                0x00000000080022e4                HAL_PCD_EP_Close
 .text.HAL_PCD_EP_Receive
                0x0000000008002378       0x96 ./Drivers/STM32F4xx_HAL_Driver/Src/stm32f4xx_hal_pcd.o
                0x0000000008002378                HAL_PCD_EP_Receive
 .text.HAL_PCD_EP_GetRxCount
                0x000000000800240e       0x30 ./Drivers/STM32F4xx_HAL_Driver/Src/stm32f4xx_hal_pcd.o
                0x000000000800240e                HAL_PCD_EP_GetRxCount
 .text.HAL_PCD_EP_Transmit
                0x000000000800243e       0x94 ./Drivers/STM32F4xx_HAL_Driver/Src/stm32f4xx_hal_pcd.o
                0x000000000800243e                HAL_PCD_EP_Transmit
 .text.HAL_PCD_EP_SetStall
                0x00000000080024d2       0xc8 ./Drivers/STM32F4xx_HAL_Driver/Src/stm32f4xx_hal_pcd.o
                0x00000000080024d2                HAL_PCD_EP_SetStall
 .text.HAL_PCD_EP_ClrStall
                0x000000000800259a       0xac ./Drivers/STM32F4xx_HAL_Driver/Src/stm32f4xx_hal_pcd.o
                0x000000000800259a                HAL_PCD_EP_ClrStall
 .text.PCD_WriteEmptyTxFifo
                0x0000000008002646      0x11a ./Drivers/STM32F4xx_HAL_Driver/Src/stm32f4xx_hal_pcd.o
 .text.PCD_EP_OutXfrComplete_int
                0x0000000008002760      0x218 ./Drivers/STM32F4xx_HAL_Driver/Src/stm32f4xx_hal_pcd.o
 .text.PCD_EP_OutSetupPacket_int
                0x0000000008002978       0x8c ./Drivers/STM32F4xx_HAL_Driver/Src/stm32f4xx_hal_pcd.o
 .text.HAL_PCDEx_SetTxFiFo
                0x0000000008002a04       0x8e ./Drivers/STM32F4xx_HAL_Driver/Src/stm32f4xx_hal_pcd_ex.o
                0x0000000008002a04                HAL_PCDEx_SetTxFiFo
 .text.HAL_PCDEx_SetRxFiFo
                0x0000000008002a92       0x22 ./Drivers/STM32F4xx_HAL_Driver/Src/stm32f4xx_hal_pcd_ex.o
                0x0000000008002a92                HAL_PCDEx_SetRxFiFo
 .text.HAL_PCDEx_LPM_Callback
                0x0000000008002ab4       0x18 ./Drivers/STM32F4xx_HAL_Driver/Src/stm32f4xx_hal_pcd_ex.o
                0x0000000008002ab4                HAL_PCDEx_LPM_Callback
 .text.HAL_RCC_OscConfig
                0x0000000008002acc      0x650 ./Drivers/STM32F4xx_HAL_Driver/Src/stm32f4xx_hal_rcc.o
                0x0000000008002acc                HAL_RCC_OscConfig
 .text.HAL_RCC_ClockConfig
                0x000000000800311c      0x31c ./Drivers/STM32F4xx_HAL_Driver/Src/stm32f4xx_hal_rcc.o
                0x000000000800311c                HAL_RCC_ClockConfig
 .text.HAL_RCC_GetSysClockFreq
                0x0000000008003438      0x1c4 ./Drivers/STM32F4xx_HAL_Driver/Src/stm32f4xx_hal_rcc.o
                0x0000000008003438                HAL_RCC_GetSysClockFreq
 .text.HAL_RCC_GetHCLKFreq
                0x00000000080035fc       0x18 ./Drivers/STM32F4xx_HAL_Driver/Src/stm32f4xx_hal_rcc.o
                0x00000000080035fc                HAL_RCC_GetHCLKFreq
 .text.HAL_RCC_GetPCLK1Freq
                0x0000000008003614       0x28 ./Drivers/STM32F4xx_HAL_Driver/Src/stm32f4xx_hal_rcc.o
                0x0000000008003614                HAL_RCC_GetPCLK1Freq
 .text.USB_CoreInit
                0x000000000800363c       0xc2 ./Drivers/STM32F4xx_HAL_Driver/Src/stm32f4xx_ll_usb.o
                0x000000000800363c                USB_CoreInit
 *fill*         0x00000000080036fe        0x2 
 .text.USB_SetTurnaroundTime
                0x0000000008003700      0x144 ./Drivers/STM32F4xx_HAL_Driver/Src/stm32f4xx_ll_usb.o
                0x0000000008003700                USB_SetTurnaroundTime
 .text.USB_EnableGlobalInt
                0x0000000008003844       0x22 ./Drivers/STM32F4xx_HAL_Driver/Src/stm32f4xx_ll_usb.o
                0x0000000008003844                USB_EnableGlobalInt
 .text.USB_DisableGlobalInt
                0x0000000008003866       0x22 ./Drivers/STM32F4xx_HAL_Driver/Src/stm32f4xx_ll_usb.o
                0x0000000008003866                USB_DisableGlobalInt
 .text.USB_SetCurrentMode
                0x0000000008003888       0x98 ./Drivers/STM32F4xx_HAL_Driver/Src/stm32f4xx_ll_usb.o
                0x0000000008003888                USB_SetCurrentMode
 .text.USB_DevInit
                0x0000000008003920      0x2c8 ./Drivers/STM32F4xx_HAL_Driver/Src/stm32f4xx_ll_usb.o
                0x0000000008003920                USB_DevInit
 .text.USB_FlushTxFifo
                0x0000000008003be8       0x48 ./Drivers/STM32F4xx_HAL_Driver/Src/stm32f4xx_ll_usb.o
                0x0000000008003be8                USB_FlushTxFifo
 .text.USB_FlushRxFifo
                0x0000000008003c30       0x40 ./Drivers/STM32F4xx_HAL_Driver/Src/stm32f4xx_ll_usb.o
                0x0000000008003c30                USB_FlushRxFifo
 .text.USB_SetDevSpeed
                0x0000000008003c70       0x32 ./Drivers/STM32F4xx_HAL_Driver/Src/stm32f4xx_ll_usb.o
                0x0000000008003c70                USB_SetDevSpeed
 .text.USB_GetDevSpeed
                0x0000000008003ca2       0x4a ./Drivers/STM32F4xx_HAL_Driver/Src/stm32f4xx_ll_usb.o
                0x0000000008003ca2                USB_GetDevSpeed
 .text.USB_ActivateEndpoint
                0x0000000008003cec      0x10e ./Drivers/STM32F4xx_HAL_Driver/Src/stm32f4xx_ll_usb.o
                0x0000000008003cec                USB_ActivateEndpoint
 *fill*         0x0000000008003dfa        0x2 
 .text.USB_DeactivateEndpoint
                0x0000000008003dfc      0x1b8 ./Drivers/STM32F4xx_HAL_Driver/Src/stm32f4xx_ll_usb.o
                0x0000000008003dfc                USB_DeactivateEndpoint
 .text.USB_EPStartXfer
                0x0000000008003fb4      0x488 ./Drivers/STM32F4xx_HAL_Driver/Src/stm32f4xx_ll_usb.o
                0x0000000008003fb4                USB_EPStartXfer
 .text.USB_EP0StartXfer
                0x000000000800443c      0x2a6 ./Drivers/STM32F4xx_HAL_Driver/Src/stm32f4xx_ll_usb.o
                0x000000000800443c                USB_EP0StartXfer
 .text.USB_WritePacket
                0x00000000080046e2       0x7c ./Drivers/STM32F4xx_HAL_Driver/Src/stm32f4xx_ll_usb.o
                0x00000000080046e2                USB_WritePacket
 .text.USB_ReadPacket
                0x000000000800475e       0xb0 ./Drivers/STM32F4xx_HAL_Driver/Src/stm32f4xx_ll_usb.o
                0x000000000800475e                USB_ReadPacket
 .text.USB_EPSetStall
                0x000000000800480e       0xdc ./Drivers/STM32F4xx_HAL_Driver/Src/stm32f4xx_ll_usb.o
                0x000000000800480e                USB_EPSetStall
 .text.USB_EPClearStall
                0x00000000080048ea       0xcc ./Drivers/STM32F4xx_HAL_Driver/Src/stm32f4xx_ll_usb.o
                0x00000000080048ea                USB_EPClearStall
 .text.USB_SetDevAddress
                0x00000000080049b6       0x4c ./Drivers/STM32F4xx_HAL_Driver/Src/stm32f4xx_ll_usb.o
                0x00000000080049b6                USB_SetDevAddress
 .text.USB_DevConnect
                0x0000000008004a02       0x42 ./Drivers/STM32F4xx_HAL_Driver/Src/stm32f4xx_ll_usb.o
                0x0000000008004a02                USB_DevConnect
 .text.USB_DevDisconnect
                0x0000000008004a44       0x42 ./Drivers/STM32F4xx_HAL_Driver/Src/stm32f4xx_ll_usb.o
                0x0000000008004a44                USB_DevDisconnect
 .text.USB_ReadInterrupts
                0x0000000008004a86       0x26 ./Drivers/STM32F4xx_HAL_Driver/Src/stm32f4xx_ll_usb.o
                0x0000000008004a86                USB_ReadInterrupts
 .text.USB_ReadDevAllOutEpInterrupt
                0x0000000008004aac       0x34 ./Drivers/STM32F4xx_HAL_Driver/Src/stm32f4xx_ll_usb.o
                0x0000000008004aac                USB_ReadDevAllOutEpInterrupt
 .text.USB_ReadDevAllInEpInterrupt
                0x0000000008004ae0       0x34 ./Drivers/STM32F4xx_HAL_Driver/Src/stm32f4xx_ll_usb.o
                0x0000000008004ae0                USB_ReadDevAllInEpInterrupt
 .text.USB_ReadDevOutEPInterrupt
                0x0000000008004b14       0x3c ./Drivers/STM32F4xx_HAL_Driver/Src/stm32f4xx_ll_usb.o
                0x0000000008004b14                USB_ReadDevOutEPInterrupt
 .text.USB_ReadDevInEPInterrupt
                0x0000000008004b50       0x5c ./Drivers/STM32F4xx_HAL_Driver/Src/stm32f4xx_ll_usb.o
                0x0000000008004b50                USB_ReadDevInEPInterrupt
 .text.USB_GetMode
                0x0000000008004bac       0x1c ./Drivers/STM32F4xx_HAL_Driver/Src/stm32f4xx_ll_usb.o
                0x0000000008004bac                USB_GetMode
 .text.USB_ActivateSetup
                0x0000000008004bc8       0x46 ./Drivers/STM32F4xx_HAL_Driver/Src/stm32f4xx_ll_usb.o
                0x0000000008004bc8                USB_ActivateSetup
 *fill*         0x0000000008004c0e        0x2 
 .text.USB_EP0_OutStart
                0x0000000008004c10       0xbc ./Drivers/STM32F4xx_HAL_Driver/Src/stm32f4xx_ll_usb.o
                0x0000000008004c10                USB_EP0_OutStart
 .text.USB_CoreReset
                0x0000000008004ccc       0x64 ./Drivers/STM32F4xx_HAL_Driver/Src/stm32f4xx_ll_usb.o
 .text.USBD_CDC_Init
                0x0000000008004d30       0xfe ./Middlewares/ST/STM32_USB_Device_Library/Class/CDC/Src/usbd_cdc.o
 .text.USBD_CDC_DeInit
                0x0000000008004e2e       0x74 ./Middlewares/ST/STM32_USB_Device_Library/Class/CDC/Src/usbd_cdc.o
 *fill*         0x0000000008004ea2        0x2 
 .text.USBD_CDC_Setup
                0x0000000008004ea4      0x190 ./Middlewares/ST/STM32_USB_Device_Library/Class/CDC/Src/usbd_cdc.o
 .text.USBD_CDC_DataIn
                0x0000000008005034       0xca ./Middlewares/ST/STM32_USB_Device_Library/Class/CDC/Src/usbd_cdc.o
 .text.USBD_CDC_DataOut
                0x00000000080050fe       0x56 ./Middlewares/ST/STM32_USB_Device_Library/Class/CDC/Src/usbd_cdc.o
 .text.USBD_CDC_EP0_RxReady
                0x0000000008005154       0x5a ./Middlewares/ST/STM32_USB_Device_Library/Class/CDC/Src/usbd_cdc.o
 *fill*         0x00000000080051ae        0x2 
 .text.USBD_CDC_GetFSCfgDesc
                0x00000000080051b0       0x20 ./Middlewares/ST/STM32_USB_Device_Library/Class/CDC/Src/usbd_cdc.o
 .text.USBD_CDC_GetHSCfgDesc
                0x00000000080051d0       0x20 ./Middlewares/ST/STM32_USB_Device_Library/Class/CDC/Src/usbd_cdc.o
 .text.USBD_CDC_GetOtherSpeedCfgDesc
                0x00000000080051f0       0x20 ./Middlewares/ST/STM32_USB_Device_Library/Class/CDC/Src/usbd_cdc.o
 .text.USBD_CDC_GetDeviceQualifierDescriptor
                0x0000000008005210       0x20 ./Middlewares/ST/STM32_USB_Device_Library/Class/CDC/Src/usbd_cdc.o
                0x0000000008005210                USBD_CDC_GetDeviceQualifierDescriptor
 .text.USBD_CDC_RegisterInterface
                0x0000000008005230       0x2a ./Middlewares/ST/STM32_USB_Device_Library/Class/CDC/Src/usbd_cdc.o
                0x0000000008005230                USBD_CDC_RegisterInterface
 .text.USBD_CDC_SetTxBuffer
                0x000000000800525a       0x3c ./Middlewares/ST/STM32_USB_Device_Library/Class/CDC/Src/usbd_cdc.o
                0x000000000800525a                USBD_CDC_SetTxBuffer
 .text.USBD_CDC_SetRxBuffer
                0x0000000008005296       0x32 ./Middlewares/ST/STM32_USB_Device_Library/Class/CDC/Src/usbd_cdc.o
                0x0000000008005296                USBD_CDC_SetRxBuffer
 .text.USBD_CDC_TransmitPacket
                0x00000000080052c8       0x60 ./Middlewares/ST/STM32_USB_Device_Library/Class/CDC/Src/usbd_cdc.o
                0x00000000080052c8                USBD_CDC_TransmitPacket
 .text.USBD_CDC_ReceivePacket
                0x0000000008005328       0x54 ./Middlewares/ST/STM32_USB_Device_Library/Class/CDC/Src/usbd_cdc.o
                0x0000000008005328                USBD_CDC_ReceivePacket
 .text.USBD_Init
                0x000000000800537c       0x60 ./Middlewares/ST/STM32_USB_Device_Library/Core/Src/usbd_core.o
                0x000000000800537c                USBD_Init
 .text.USBD_RegisterClass
                0x00000000080053dc       0x4e ./Middlewares/ST/STM32_USB_Device_Library/Core/Src/usbd_core.o
                0x00000000080053dc                USBD_RegisterClass
 .text.USBD_Start
                0x000000000800542a       0x18 ./Middlewares/ST/STM32_USB_Device_Library/Core/Src/usbd_core.o
                0x000000000800542a                USBD_Start
 .text.USBD_RunTestMode
                0x0000000008005442       0x16 ./Middlewares/ST/STM32_USB_Device_Library/Core/Src/usbd_core.o
                0x0000000008005442                USBD_RunTestMode
 .text.USBD_SetClassConfig
                0x0000000008005458       0x38 ./Middlewares/ST/STM32_USB_Device_Library/Core/Src/usbd_core.o
                0x0000000008005458                USBD_SetClassConfig
 .text.USBD_ClrClassConfig
                0x0000000008005490       0x30 ./Middlewares/ST/STM32_USB_Device_Library/Core/Src/usbd_core.o
                0x0000000008005490                USBD_ClrClassConfig
 .text.USBD_LL_SetupStage
                0x00000000080054c0       0xaa ./Middlewares/ST/STM32_USB_Device_Library/Core/Src/usbd_core.o
                0x00000000080054c0                USBD_LL_SetupStage
 .text.USBD_LL_DataOutStage
                0x000000000800556a       0xc6 ./Middlewares/ST/STM32_USB_Device_Library/Core/Src/usbd_core.o
                0x000000000800556a                USBD_LL_DataOutStage
 .text.USBD_LL_DataInStage
                0x0000000008005630      0x12c ./Middlewares/ST/STM32_USB_Device_Library/Core/Src/usbd_core.o
                0x0000000008005630                USBD_LL_DataInStage
 .text.USBD_LL_Reset
                0x000000000800575c       0x9c ./Middlewares/ST/STM32_USB_Device_Library/Core/Src/usbd_core.o
                0x000000000800575c                USBD_LL_Reset
 .text.USBD_LL_SetSpeed
                0x00000000080057f8       0x20 ./Middlewares/ST/STM32_USB_Device_Library/Core/Src/usbd_core.o
                0x00000000080057f8                USBD_LL_SetSpeed
 .text.USBD_LL_Suspend
                0x0000000008005818       0x2c ./Middlewares/ST/STM32_USB_Device_Library/Core/Src/usbd_core.o
                0x0000000008005818                USBD_LL_Suspend
 .text.USBD_LL_Resume
                0x0000000008005844       0x30 ./Middlewares/ST/STM32_USB_Device_Library/Core/Src/usbd_core.o
                0x0000000008005844                USBD_LL_Resume
 .text.USBD_LL_SOF
                0x0000000008005874       0x44 ./Middlewares/ST/STM32_USB_Device_Library/Core/Src/usbd_core.o
                0x0000000008005874                USBD_LL_SOF
 .text.USBD_LL_IsoINIncomplete
                0x00000000080058b8       0x4c ./Middlewares/ST/STM32_USB_Device_Library/Core/Src/usbd_core.o
                0x00000000080058b8                USBD_LL_IsoINIncomplete
 .text.USBD_LL_IsoOUTIncomplete
                0x0000000008005904       0x4c ./Middlewares/ST/STM32_USB_Device_Library/Core/Src/usbd_core.o
                0x0000000008005904                USBD_LL_IsoOUTIncomplete
 .text.USBD_LL_DevConnected
                0x0000000008005950       0x16 ./Middlewares/ST/STM32_USB_Device_Library/Core/Src/usbd_core.o
                0x0000000008005950                USBD_LL_DevConnected
 .text.USBD_LL_DevDisconnected
                0x0000000008005966       0x38 ./Middlewares/ST/STM32_USB_Device_Library/Core/Src/usbd_core.o
                0x0000000008005966                USBD_LL_DevDisconnected
 .text.SWAPBYTE
                0x000000000800599e       0x3c ./Middlewares/ST/STM32_USB_Device_Library/Core/Src/usbd_ctlreq.o
 *fill*         0x00000000080059da        0x2 
 .text.USBD_StdDevReq
                0x00000000080059dc       0xdc ./Middlewares/ST/STM32_USB_Device_Library/Core/Src/usbd_ctlreq.o
                0x00000000080059dc                USBD_StdDevReq
 .text.USBD_StdItfReq
                0x0000000008005ab8       0x92 ./Middlewares/ST/STM32_USB_Device_Library/Core/Src/usbd_ctlreq.o
                0x0000000008005ab8                USBD_StdItfReq
 .text.USBD_StdEPReq
                0x0000000008005b4a      0x2c4 ./Middlewares/ST/STM32_USB_Device_Library/Core/Src/usbd_ctlreq.o
                0x0000000008005b4a                USBD_StdEPReq
 *fill*         0x0000000008005e0e        0x2 
 .text.USBD_GetDescriptor
                0x0000000008005e10      0x2d4 ./Middlewares/ST/STM32_USB_Device_Library/Core/Src/usbd_ctlreq.o
 .text.USBD_SetAddress
                0x00000000080060e4       0x88 ./Middlewares/ST/STM32_USB_Device_Library/Core/Src/usbd_ctlreq.o
 .text.USBD_SetConfig
                0x000000000800616c      0x14c ./Middlewares/ST/STM32_USB_Device_Library/Core/Src/usbd_ctlreq.o
 .text.USBD_GetConfig
                0x00000000080062b8       0x6c ./Middlewares/ST/STM32_USB_Device_Library/Core/Src/usbd_ctlreq.o
 .text.USBD_GetStatus
                0x0000000008006324       0x68 ./Middlewares/ST/STM32_USB_Device_Library/Core/Src/usbd_ctlreq.o
 .text.USBD_SetFeature
                0x000000000800638c       0x28 ./Middlewares/ST/STM32_USB_Device_Library/Core/Src/usbd_ctlreq.o
 .text.USBD_ClrFeature
                0x00000000080063b4       0x44 ./Middlewares/ST/STM32_USB_Device_Library/Core/Src/usbd_ctlreq.o
 .text.USBD_ParseSetupRequest
                0x00000000080063f8       0x74 ./Middlewares/ST/STM32_USB_Device_Library/Core/Src/usbd_ctlreq.o
                0x00000000080063f8                USBD_ParseSetupRequest
 .text.USBD_CtlError
                0x000000000800646c       0x22 ./Middlewares/ST/STM32_USB_Device_Library/Core/Src/usbd_ctlreq.o
                0x000000000800646c                USBD_CtlError
 .text.USBD_GetString
                0x000000000800648e       0x8c ./Middlewares/ST/STM32_USB_Device_Library/Core/Src/usbd_ctlreq.o
                0x000000000800648e                USBD_GetString
 .text.USBD_GetLen
                0x000000000800651a       0x34 ./Middlewares/ST/STM32_USB_Device_Library/Core/Src/usbd_ctlreq.o
 .text.USBD_CtlSendData
                0x000000000800654e       0x36 ./Middlewares/ST/STM32_USB_Device_Library/Core/Src/usbd_ioreq.o
                0x000000000800654e                USBD_CtlSendData
 .text.USBD_CtlContinueSendData
                0x0000000008006584       0x22 ./Middlewares/ST/STM32_USB_Device_Library/Core/Src/usbd_ioreq.o
                0x0000000008006584                USBD_CtlContinueSendData
 .text.USBD_CtlPrepareRx
                0x00000000080065a6       0x3a ./Middlewares/ST/STM32_USB_Device_Library/Core/Src/usbd_ioreq.o
                0x00000000080065a6                USBD_CtlPrepareRx
 .text.USBD_CtlContinueRx
                0x00000000080065e0       0x22 ./Middlewares/ST/STM32_USB_Device_Library/Core/Src/usbd_ioreq.o
                0x00000000080065e0                USBD_CtlContinueRx
 .text.USBD_CtlSendStatus
                0x0000000008006602       0x26 ./Middlewares/ST/STM32_USB_Device_Library/Core/Src/usbd_ioreq.o
                0x0000000008006602                USBD_CtlSendStatus
 .text.USBD_CtlReceiveStatus
                0x0000000008006628       0x26 ./Middlewares/ST/STM32_USB_Device_Library/Core/Src/usbd_ioreq.o
                0x0000000008006628                USBD_CtlReceiveStatus
 *fill*         0x000000000800664e        0x2 
 .text.MX_USB_DEVICE_Init
                0x0000000008006650       0x60 ./USB_DEVICE/App/usb_device.o
                0x0000000008006650                MX_USB_DEVICE_Init
 .text.CDC_Init_FS
                0x00000000080066b0       0x28 ./USB_DEVICE/App/usbd_cdc_if.o
 .text.CDC_DeInit_FS
                0x00000000080066d8       0x10 ./USB_DEVICE/App/usbd_cdc_if.o
 .text.CDC_Control_FS
                0x00000000080066e8       0xbc ./USB_DEVICE/App/usbd_cdc_if.o
 .text.CDC_Receive_FS
                0x00000000080067a4       0x34 ./USB_DEVICE/App/usbd_cdc_if.o
 .text.CDC_Transmit_FS
                0x00000000080067d8       0x4c ./USB_DEVICE/App/usbd_cdc_if.o
                0x00000000080067d8                CDC_Transmit_FS
 .text.CDC_TransmitCplt_FS
                0x0000000008006824       0x22 ./USB_DEVICE/App/usbd_cdc_if.o
 *fill*         0x0000000008006846        0x2 
 .text.USBD_FS_DeviceDescriptor
                0x0000000008006848       0x24 ./USB_DEVICE/App/usbd_desc.o
                0x0000000008006848                USBD_FS_DeviceDescriptor
 .text.USBD_FS_LangIDStrDescriptor
                0x000000000800686c       0x24 ./USB_DEVICE/App/usbd_desc.o
                0x000000000800686c                USBD_FS_LangIDStrDescriptor
 .text.USBD_FS_ProductStrDescriptor
                0x0000000008006890       0x3c ./USB_DEVICE/App/usbd_desc.o
                0x0000000008006890                USBD_FS_ProductStrDescriptor
 .text.USBD_FS_ManufacturerStrDescriptor
                0x00000000080068cc       0x28 ./USB_DEVICE/App/usbd_desc.o
                0x00000000080068cc                USBD_FS_ManufacturerStrDescriptor
 .text.USBD_FS_SerialStrDescriptor
                0x00000000080068f4       0x24 ./USB_DEVICE/App/usbd_desc.o
                0x00000000080068f4                USBD_FS_SerialStrDescriptor
 .text.USBD_FS_ConfigStrDescriptor
                0x0000000008006918       0x3c ./USB_DEVICE/App/usbd_desc.o
                0x0000000008006918                USBD_FS_ConfigStrDescriptor
 .text.USBD_FS_InterfaceStrDescriptor
                0x0000000008006954       0x3c ./USB_DEVICE/App/usbd_desc.o
                0x0000000008006954                USBD_FS_InterfaceStrDescriptor
 .text.Get_SerialNum
                0x0000000008006990       0x58 ./USB_DEVICE/App/usbd_desc.o
 .text.IntToUnicode
                0x00000000080069e8       0x7e ./USB_DEVICE/App/usbd_desc.o
 *fill*         0x0000000008006a66        0x2 
 .text.HAL_PCD_MspInit
                0x0000000008006a68       0xa8 ./USB_DEVICE/Target/usbd_conf.o
                0x0000000008006a68                HAL_PCD_MspInit
 .text.HAL_PCD_SetupStageCallback
                0x0000000008006b10       0x24 ./USB_DEVICE/Target/usbd_conf.o
                0x0000000008006b10                HAL_PCD_SetupStageCallback
 .text.HAL_PCD_DataOutStageCallback
                0x0000000008006b34       0x36 ./USB_DEVICE/Target/usbd_conf.o
                0x0000000008006b34                HAL_PCD_DataOutStageCallback
 .text.HAL_PCD_DataInStageCallback
                0x0000000008006b6a       0x34 ./USB_DEVICE/Target/usbd_conf.o
                0x0000000008006b6a                HAL_PCD_DataInStageCallback
 .text.HAL_PCD_SOFCallback
                0x0000000008006b9e       0x1c ./USB_DEVICE/Target/usbd_conf.o
                0x0000000008006b9e                HAL_PCD_SOFCallback
 .text.HAL_PCD_ResetCallback
                0x0000000008006bba       0x50 ./USB_DEVICE/Target/usbd_conf.o
                0x0000000008006bba                HAL_PCD_ResetCallback
 *fill*         0x0000000008006c0a        0x2 
 .text.HAL_PCD_SuspendCallback
                0x0000000008006c0c       0x4c ./USB_DEVICE/Target/usbd_conf.o
                0x0000000008006c0c                HAL_PCD_SuspendCallback
 .text.HAL_PCD_ResumeCallback
                0x0000000008006c58       0x1c ./USB_DEVICE/Target/usbd_conf.o
                0x0000000008006c58                HAL_PCD_ResumeCallback
 .text.HAL_PCD_ISOOUTIncompleteCallback
                0x0000000008006c74       0x24 ./USB_DEVICE/Target/usbd_conf.o
                0x0000000008006c74                HAL_PCD_ISOOUTIncompleteCallback
 .text.HAL_PCD_ISOINIncompleteCallback
                0x0000000008006c98       0x24 ./USB_DEVICE/Target/usbd_conf.o
                0x0000000008006c98                HAL_PCD_ISOINIncompleteCallback
 .text.HAL_PCD_ConnectCallback
                0x0000000008006cbc       0x1c ./USB_DEVICE/Target/usbd_conf.o
                0x0000000008006cbc                HAL_PCD_ConnectCallback
 .text.HAL_PCD_DisconnectCallback
                0x0000000008006cd8       0x1c ./USB_DEVICE/Target/usbd_conf.o
                0x0000000008006cd8                HAL_PCD_DisconnectCallback
 .text.USBD_LL_Init
                0x0000000008006cf4       0x98 ./USB_DEVICE/Target/usbd_conf.o
                0x0000000008006cf4                USBD_LL_Init
 .text.USBD_LL_Start
                0x0000000008006d8c       0x36 ./USB_DEVICE/Target/usbd_conf.o
                0x0000000008006d8c                USBD_LL_Start
 .text.USBD_LL_OpenEP
                0x0000000008006dc2       0x4c ./USB_DEVICE/Target/usbd_conf.o
                0x0000000008006dc2                USBD_LL_OpenEP
 .text.USBD_LL_CloseEP
                0x0000000008006e0e       0x3e ./USB_DEVICE/Target/usbd_conf.o
                0x0000000008006e0e                USBD_LL_CloseEP
 .text.USBD_LL_StallEP
                0x0000000008006e4c       0x3e ./USB_DEVICE/Target/usbd_conf.o
                0x0000000008006e4c                USBD_LL_StallEP
 .text.USBD_LL_ClearStallEP
                0x0000000008006e8a       0x3e ./USB_DEVICE/Target/usbd_conf.o
                0x0000000008006e8a                USBD_LL_ClearStallEP
 .text.USBD_LL_IsStallEP
                0x0000000008006ec8       0x58 ./USB_DEVICE/Target/usbd_conf.o
                0x0000000008006ec8                USBD_LL_IsStallEP
 .text.USBD_LL_SetUSBAddress
                0x0000000008006f20       0x3e ./USB_DEVICE/Target/usbd_conf.o
                0x0000000008006f20                USBD_LL_SetUSBAddress
 .text.USBD_LL_Transmit
                0x0000000008006f5e       0x42 ./USB_DEVICE/Target/usbd_conf.o
                0x0000000008006f5e                USBD_LL_Transmit
 .text.USBD_LL_PrepareReceive
                0x0000000008006fa0       0x42 ./USB_DEVICE/Target/usbd_conf.o
                0x0000000008006fa0                USBD_LL_PrepareReceive
 .text.USBD_LL_GetRxDataSize
                0x0000000008006fe2       0x26 ./USB_DEVICE/Target/usbd_conf.o
                0x0000000008006fe2                USBD_LL_GetRxDataSize
 .text.USBD_static_malloc
                0x0000000008007008       0x1c ./USB_DEVICE/Target/usbd_conf.o
                0x0000000008007008                USBD_static_malloc
 .text.USBD_static_free
                0x0000000008007024       0x14 ./USB_DEVICE/Target/usbd_conf.o
                0x0000000008007024                USBD_static_free
 .text.USBD_Get_USB_Status
                0x0000000008007038       0x58 ./USB_DEVICE/Target/usbd_conf.o
                0x0000000008007038                USBD_Get_USB_Status
 .text.__libc_init_array
                0x0000000008007090       0x48 c:/program files/stm32cubeide_1.8.0/stm32cubeide/plugins/com.st.stm32cube.ide.mcu.externaltools.gnu-tools-for-stm32.9-2020-q2-update.win32_2.0.0.202105311346/tools/bin/../lib/gcc/arm-none-eabi/9.3.1/../../../../arm-none-eabi/lib/thumb/v7e-m+fp/hard\libc_nano.a(lib_a-init.o)
                0x0000000008007090                __libc_init_array
 .text.memset   0x00000000080070d8       0x10 c:/program files/stm32cubeide_1.8.0/stm32cubeide/plugins/com.st.stm32cube.ide.mcu.externaltools.gnu-tools-for-stm32.9-2020-q2-update.win32_2.0.0.202105311346/tools/bin/../lib/gcc/arm-none-eabi/9.3.1/../../../../arm-none-eabi/lib/thumb/v7e-m+fp/hard\libc_nano.a(lib_a-memset.o)
                0x00000000080070d8                memset
 *(.glue_7)
 .glue_7        0x00000000080070e8        0x0 linker stubs
 *(.glue_7t)
 .glue_7t       0x00000000080070e8        0x0 linker stubs
 *(.eh_frame)
 .eh_frame      0x00000000080070e8        0x0 c:/program files/stm32cubeide_1.8.0/stm32cubeide/plugins/com.st.stm32cube.ide.mcu.externaltools.gnu-tools-for-stm32.9-2020-q2-update.win32_2.0.0.202105311346/tools/bin/../lib/gcc/arm-none-eabi/9.3.1/thumb/v7e-m+fp/hard/crtbegin.o
 *(.init)
 .init          0x00000000080070e8        0x4 c:/program files/stm32cubeide_1.8.0/stm32cubeide/plugins/com.st.stm32cube.ide.mcu.externaltools.gnu-tools-for-stm32.9-2020-q2-update.win32_2.0.0.202105311346/tools/bin/../lib/gcc/arm-none-eabi/9.3.1/thumb/v7e-m+fp/hard/crti.o
                0x00000000080070e8                _init
 .init          0x00000000080070ec        0x8 c:/program files/stm32cubeide_1.8.0/stm32cubeide/plugins/com.st.stm32cube.ide.mcu.externaltools.gnu-tools-for-stm32.9-2020-q2-update.win32_2.0.0.202105311346/tools/bin/../lib/gcc/arm-none-eabi/9.3.1/thumb/v7e-m+fp/hard/crtn.o
 *(.fini)
 .fini          0x00000000080070f4        0x4 c:/program files/stm32cubeide_1.8.0/stm32cubeide/plugins/com.st.stm32cube.ide.mcu.externaltools.gnu-tools-for-stm32.9-2020-q2-update.win32_2.0.0.202105311346/tools/bin/../lib/gcc/arm-none-eabi/9.3.1/thumb/v7e-m+fp/hard/crti.o
                0x00000000080070f4                _fini
 .fini          0x00000000080070f8        0x8 c:/program files/stm32cubeide_1.8.0/stm32cubeide/plugins/com.st.stm32cube.ide.mcu.externaltools.gnu-tools-for-stm32.9-2020-q2-update.win32_2.0.0.202105311346/tools/bin/../lib/gcc/arm-none-eabi/9.3.1/thumb/v7e-m+fp/hard/crtn.o
                0x0000000008007100                . = ALIGN (0x4)
                0x0000000008007100                _etext = .

.vfp11_veneer   0x0000000008007100        0x0
 .vfp11_veneer  0x0000000008007100        0x0 linker stubs

.v4_bx          0x0000000008007100        0x0
 .v4_bx         0x0000000008007100        0x0 linker stubs

.iplt           0x0000000008007100        0x0
 .iplt          0x0000000008007100        0x0 c:/program files/stm32cubeide_1.8.0/stm32cubeide/plugins/com.st.stm32cube.ide.mcu.externaltools.gnu-tools-for-stm32.9-2020-q2-update.win32_2.0.0.202105311346/tools/bin/../lib/gcc/arm-none-eabi/9.3.1/thumb/v7e-m+fp/hard/crtbegin.o

.rodata         0x0000000008007100      0x180
                0x0000000008007100                . = ALIGN (0x4)
 *(.rodata)
 .rodata        0x0000000008007100       0x3b ./Drivers/STM32F4xx_HAL_Driver/Src/stm32f4xx_hal_cortex.o
 *fill*         0x000000000800713b        0x1 
 .rodata        0x000000000800713c       0x39 ./Drivers/STM32F4xx_HAL_Driver/Src/stm32f4xx_hal_gpio.o
 *fill*         0x0000000008007175        0x3 
 .rodata        0x0000000008007178       0x38 ./Drivers/STM32F4xx_HAL_Driver/Src/stm32f4xx_hal_i2c.o
 .rodata        0x00000000080071b0       0x38 ./Drivers/STM32F4xx_HAL_Driver/Src/stm32f4xx_hal_pcd.o
 .rodata        0x00000000080071e8       0x38 ./Drivers/STM32F4xx_HAL_Driver/Src/stm32f4xx_hal_rcc.o
 .rodata        0x0000000008007220       0x46 ./USB_DEVICE/App/usbd_desc.o
 *(.rodata*)
 *fill*         0x0000000008007266        0x2 
 .rodata.AHBPrescTable
                0x0000000008007268       0x10 ./Core/Src/system_stm32f4xx.o
                0x0000000008007268                AHBPrescTable
 .rodata.APBPrescTable
                0x0000000008007278        0x8 ./Core/Src/system_stm32f4xx.o
                0x0000000008007278                APBPrescTable
                0x0000000008007280                . = ALIGN (0x4)

.ARM.extab      0x0000000008007280        0x0
                0x0000000008007280                . = ALIGN (0x4)
 *(.ARM.extab* .gnu.linkonce.armextab.*)
                0x0000000008007280                . = ALIGN (0x4)

.ARM            0x0000000008007280        0x8
                0x0000000008007280                . = ALIGN (0x4)
                0x0000000008007280                __exidx_start = .
 *(.ARM.exidx*)
 .ARM.exidx     0x0000000008007280        0x8 c:/program files/stm32cubeide_1.8.0/stm32cubeide/plugins/com.st.stm32cube.ide.mcu.externaltools.gnu-tools-for-stm32.9-2020-q2-update.win32_2.0.0.202105311346/tools/bin/../lib/gcc/arm-none-eabi/9.3.1/thumb/v7e-m+fp/hard\libgcc.a(_udivmoddi4.o)
                0x0000000008007288                __exidx_end = .
                0x0000000008007288                . = ALIGN (0x4)

.rel.dyn        0x0000000008007288        0x0
 .rel.iplt      0x0000000008007288        0x0 c:/program files/stm32cubeide_1.8.0/stm32cubeide/plugins/com.st.stm32cube.ide.mcu.externaltools.gnu-tools-for-stm32.9-2020-q2-update.win32_2.0.0.202105311346/tools/bin/../lib/gcc/arm-none-eabi/9.3.1/thumb/v7e-m+fp/hard/crtbegin.o

.preinit_array  0x0000000008007288        0x0
                0x0000000008007288                . = ALIGN (0x4)
                0x0000000008007288                PROVIDE (__preinit_array_start = .)
 *(.preinit_array*)
                0x0000000008007288                PROVIDE (__preinit_array_end = .)
                0x0000000008007288                . = ALIGN (0x4)

.init_array     0x0000000008007288        0x4
                0x0000000008007288                . = ALIGN (0x4)
                0x0000000008007288                PROVIDE (__init_array_start = .)
 *(SORT_BY_NAME(.init_array.*))
 *(.init_array*)
 .init_array    0x0000000008007288        0x4 c:/program files/stm32cubeide_1.8.0/stm32cubeide/plugins/com.st.stm32cube.ide.mcu.externaltools.gnu-tools-for-stm32.9-2020-q2-update.win32_2.0.0.202105311346/tools/bin/../lib/gcc/arm-none-eabi/9.3.1/thumb/v7e-m+fp/hard/crtbegin.o
                0x000000000800728c                PROVIDE (__init_array_end = .)
                0x000000000800728c                . = ALIGN (0x4)

.fini_array     0x000000000800728c        0x4
                0x000000000800728c                . = ALIGN (0x4)
                [!provide]                        PROVIDE (__fini_array_start = .)
 *(SORT_BY_NAME(.fini_array.*))
 *(.fini_array*)
 .fini_array    0x000000000800728c        0x4 c:/program files/stm32cubeide_1.8.0/stm32cubeide/plugins/com.st.stm32cube.ide.mcu.externaltools.gnu-tools-for-stm32.9-2020-q2-update.win32_2.0.0.202105311346/tools/bin/../lib/gcc/arm-none-eabi/9.3.1/thumb/v7e-m+fp/hard/crtbegin.o
                [!provide]                        PROVIDE (__fini_array_end = .)
                0x0000000008007290                . = ALIGN (0x4)
                0x0000000008007290                _sidata = LOADADDR (.data)

.data           0x0000000020000000      0x180 load address 0x0000000008007290
                0x0000000020000000                . = ALIGN (0x4)
                0x0000000020000000                _sdata = .
 *(.data)
 *(.data*)
 .data.SystemCoreClock
                0x0000000020000000        0x4 ./Core/Src/system_stm32f4xx.o
                0x0000000020000000                SystemCoreClock
 .data.uwTickPrio
                0x0000000020000004        0x4 ./Drivers/STM32F4xx_HAL_Driver/Src/stm32f4xx_hal.o
                0x0000000020000004                uwTickPrio
 .data.uwTickFreq
                0x0000000020000008        0x1 ./Drivers/STM32F4xx_HAL_Driver/Src/stm32f4xx_hal.o
                0x0000000020000008                uwTickFreq
 *fill*         0x0000000020000009        0x3 
 .data.USBD_CDC_DeviceQualifierDesc
                0x000000002000000c        0xa ./Middlewares/ST/STM32_USB_Device_Library/Class/CDC/Src/usbd_cdc.o
 *fill*         0x0000000020000016        0x2 
 .data.USBD_CDC
                0x0000000020000018       0x38 ./Middlewares/ST/STM32_USB_Device_Library/Class/CDC/Src/usbd_cdc.o
                0x0000000020000018                USBD_CDC
 .data.USBD_CDC_CfgHSDesc
                0x0000000020000050       0x43 ./Middlewares/ST/STM32_USB_Device_Library/Class/CDC/Src/usbd_cdc.o
 *fill*         0x0000000020000093        0x1 
 .data.USBD_CDC_CfgFSDesc
                0x0000000020000094       0x43 ./Middlewares/ST/STM32_USB_Device_Library/Class/CDC/Src/usbd_cdc.o
 *fill*         0x00000000200000d7        0x1 
 .data.USBD_CDC_OtherSpeedCfgDesc
                0x00000000200000d8       0x43 ./Middlewares/ST/STM32_USB_Device_Library/Class/CDC/Src/usbd_cdc.o
 *fill*         0x000000002000011b        0x1 
 .data.USBD_Interface_fops_FS
                0x000000002000011c       0x14 ./USB_DEVICE/App/usbd_cdc_if.o
                0x000000002000011c                USBD_Interface_fops_FS
 .data.FS_Desc  0x0000000020000130       0x1c ./USB_DEVICE/App/usbd_desc.o
                0x0000000020000130                FS_Desc
 .data.USBD_FS_DeviceDesc
                0x000000002000014c       0x12 ./USB_DEVICE/App/usbd_desc.o
                0x000000002000014c                USBD_FS_DeviceDesc
 *fill*         0x000000002000015e        0x2 
 .data.USBD_LangIDDesc
                0x0000000020000160        0x4 ./USB_DEVICE/App/usbd_desc.o
                0x0000000020000160                USBD_LangIDDesc
 .data.USBD_StringSerial
                0x0000000020000164       0x1a ./USB_DEVICE/App/usbd_desc.o
                0x0000000020000164                USBD_StringSerial
 *(.RamFunc)
 *(.RamFunc*)
                0x0000000020000180                . = ALIGN (0x4)
 *fill*         0x000000002000017e        0x2 
                0x0000000020000180                _edata = .
                0x0000000008007410                _siccmram = LOADADDR (.ccmram)

.igot.plt       0x0000000020000180        0x0 load address 0x0000000008007410
 .igot.plt      0x0000000020000180        0x0 c:/program files/stm32cubeide_1.8.0/stm32cubeide/plugins/com.st.stm32cube.ide.mcu.externaltools.gnu-tools-for-stm32.9-2020-q2-update.win32_2.0.0.202105311346/tools/bin/../lib/gcc/arm-none-eabi/9.3.1/thumb/v7e-m+fp/hard/crtbegin.o

.ccmram         0x0000000010000000        0x0 load address 0x0000000008007410
                0x0000000010000000                . = ALIGN (0x4)
                0x0000000010000000                _sccmram = .
 *(.ccmram)
 *(.ccmram*)
                0x0000000010000000                . = ALIGN (0x4)
                0x0000000010000000                _eccmram = .
                0x0000000010000000                . = ALIGN (0x4)

.bss            0x0000000020000180     0x1b70
                0x0000000020000180                _sbss = .
                0x0000000020000180                __bss_start__ = _sbss
 *(.bss)
 .bss           0x0000000020000180       0x1c c:/program files/stm32cubeide_1.8.0/stm32cubeide/plugins/com.st.stm32cube.ide.mcu.externaltools.gnu-tools-for-stm32.9-2020-q2-update.win32_2.0.0.202105311346/tools/bin/../lib/gcc/arm-none-eabi/9.3.1/thumb/v7e-m+fp/hard/crtbegin.o
 *(.bss*)
 .bss.cfgidx.10167
                0x000000002000019c        0x1 ./Middlewares/ST/STM32_USB_Device_Library/Core/Src/usbd_ctlreq.o
 *fill*         0x000000002000019d        0x3 
 .bss.mem.10236
                0x00000000200001a0      0x220 ./USB_DEVICE/Target/usbd_conf.o
 *(COMMON)
 COMMON         0x00000000200003c0       0x54 ./Core/Src/i2c.o
                0x00000000200003c0                hi2c2
 COMMON         0x0000000020000414        0x4 ./Drivers/STM32F4xx_HAL_Driver/Src/stm32f4xx_hal.o
                0x0000000020000414                uwTick
 COMMON         0x0000000020000418      0x2d0 ./USB_DEVICE/App/usb_device.o
                0x0000000020000418                hUsbDeviceFS
 COMMON         0x00000000200006e8     0x1000 ./USB_DEVICE/App/usbd_cdc_if.o
                0x00000000200006e8                UserRxBufferFS
                0x0000000020000ee8                UserTxBufferFS
 COMMON         0x00000000200016e8      0x200 ./USB_DEVICE/App/usbd_desc.o
                0x00000000200016e8                USBD_StrDesc
 COMMON         0x00000000200018e8      0x408 ./USB_DEVICE/Target/usbd_conf.o
                0x00000000200018e8                hpcd_USB_OTG_FS
                0x0000000020001cf0                . = ALIGN (0x4)
                0x0000000020001cf0                _ebss = .
                0x0000000020001cf0                __bss_end__ = _ebss

._user_heap_stack
                0x0000000020001cf0      0xa00
                0x0000000020001cf0                . = ALIGN (0x8)
                [!provide]                        PROVIDE (end = .)
                0x0000000020001cf0                PROVIDE (_end = .)
                0x00000000200022f0                . = (. + _Min_Heap_Size)
 *fill*         0x0000000020001cf0      0x600 
                0x00000000200026f0                . = (. + _Min_Stack_Size)
 *fill*         0x00000000200022f0      0x400 
                0x00000000200026f0                . = ALIGN (0x8)

/DISCARD/
 libc.a(*)
 libm.a(*)
 libgcc.a(*)

.ARM.attributes
                0x0000000000000000       0x30
 *(.ARM.attributes)
 .ARM.attributes
                0x0000000000000000       0x1e c:/program files/stm32cubeide_1.8.0/stm32cubeide/plugins/com.st.stm32cube.ide.mcu.externaltools.gnu-tools-for-stm32.9-2020-q2-update.win32_2.0.0.202105311346/tools/bin/../lib/gcc/arm-none-eabi/9.3.1/thumb/v7e-m+fp/hard/crti.o
 .ARM.attributes
                0x000000000000001e       0x34 c:/program files/stm32cubeide_1.8.0/stm32cubeide/plugins/com.st.stm32cube.ide.mcu.externaltools.gnu-tools-for-stm32.9-2020-q2-update.win32_2.0.0.202105311346/tools/bin/../lib/gcc/arm-none-eabi/9.3.1/thumb/v7e-m+fp/hard/crtbegin.o
 .ARM.attributes
                0x0000000000000052       0x34 ./Core/Src/gpio.o
 .ARM.attributes
                0x0000000000000086       0x34 ./Core/Src/i2c.o
 .ARM.attributes
                0x00000000000000ba       0x34 ./Core/Src/main.o
 .ARM.attributes
                0x00000000000000ee       0x34 ./Core/Src/stm32f4xx_hal_msp.o
 .ARM.attributes
                0x0000000000000122       0x34 ./Core/Src/stm32f4xx_it.o
 .ARM.attributes
                0x0000000000000156       0x34 ./Core/Src/system_stm32f4xx.o
 .ARM.attributes
                0x000000000000018a       0x21 ./Core/Startup/startup_stm32f407zetx.o
 .ARM.attributes
                0x00000000000001ab       0x34 ./Drivers/STM32F4xx_HAL_Driver/Src/stm32f4xx_hal.o
 .ARM.attributes
                0x00000000000001df       0x34 ./Drivers/STM32F4xx_HAL_Driver/Src/stm32f4xx_hal_cortex.o
 .ARM.attributes
                0x0000000000000213       0x34 ./Drivers/STM32F4xx_HAL_Driver/Src/stm32f4xx_hal_gpio.o
 .ARM.attributes
                0x0000000000000247       0x34 ./Drivers/STM32F4xx_HAL_Driver/Src/stm32f4xx_hal_i2c.o
 .ARM.attributes
                0x000000000000027b       0x34 ./Drivers/STM32F4xx_HAL_Driver/Src/stm32f4xx_hal_pcd.o
 .ARM.attributes
                0x00000000000002af       0x34 ./Drivers/STM32F4xx_HAL_Driver/Src/stm32f4xx_hal_pcd_ex.o
 .ARM.attributes
                0x00000000000002e3       0x34 ./Drivers/STM32F4xx_HAL_Driver/Src/stm32f4xx_hal_rcc.o
 .ARM.attributes
                0x0000000000000317       0x34 ./Drivers/STM32F4xx_HAL_Driver/Src/stm32f4xx_ll_usb.o
 .ARM.attributes
                0x000000000000034b       0x34 ./Middlewares/ST/STM32_USB_Device_Library/Class/CDC/Src/usbd_cdc.o
 .ARM.attributes
                0x000000000000037f       0x34 ./Middlewares/ST/STM32_USB_Device_Library/Core/Src/usbd_core.o
 .ARM.attributes
                0x00000000000003b3       0x34 ./Middlewares/ST/STM32_USB_Device_Library/Core/Src/usbd_ctlreq.o
 .ARM.attributes
                0x00000000000003e7       0x34 ./Middlewares/ST/STM32_USB_Device_Library/Core/Src/usbd_ioreq.o
 .ARM.attributes
                0x000000000000041b       0x34 ./USB_DEVICE/App/usb_device.o
 .ARM.attributes
                0x000000000000044f       0x34 ./USB_DEVICE/App/usbd_cdc_if.o
 .ARM.attributes
                0x0000000000000483       0x34 ./USB_DEVICE/App/usbd_desc.o
 .ARM.attributes
                0x00000000000004b7       0x34 ./USB_DEVICE/Target/usbd_conf.o
 .ARM.attributes
                0x00000000000004eb       0x34 c:/program files/stm32cubeide_1.8.0/stm32cubeide/plugins/com.st.stm32cube.ide.mcu.externaltools.gnu-tools-for-stm32.9-2020-q2-update.win32_2.0.0.202105311346/tools/bin/../lib/gcc/arm-none-eabi/9.3.1/../../../../arm-none-eabi/lib/thumb/v7e-m+fp/hard\libc_nano.a(lib_a-init.o)
 .ARM.attributes
                0x000000000000051f       0x34 c:/program files/stm32cubeide_1.8.0/stm32cubeide/plugins/com.st.stm32cube.ide.mcu.externaltools.gnu-tools-for-stm32.9-2020-q2-update.win32_2.0.0.202105311346/tools/bin/../lib/gcc/arm-none-eabi/9.3.1/../../../../arm-none-eabi/lib/thumb/v7e-m+fp/hard\libc_nano.a(lib_a-memset.o)
 .ARM.attributes
                0x0000000000000553       0x1e c:/program files/stm32cubeide_1.8.0/stm32cubeide/plugins/com.st.stm32cube.ide.mcu.externaltools.gnu-tools-for-stm32.9-2020-q2-update.win32_2.0.0.202105311346/tools/bin/../lib/gcc/arm-none-eabi/9.3.1/thumb/v7e-m+fp/hard\libgcc.a(_aeabi_uldivmod.o)
 .ARM.attributes
                0x0000000000000571       0x34 c:/program files/stm32cubeide_1.8.0/stm32cubeide/plugins/com.st.stm32cube.ide.mcu.externaltools.gnu-tools-for-stm32.9-2020-q2-update.win32_2.0.0.202105311346/tools/bin/../lib/gcc/arm-none-eabi/9.3.1/thumb/v7e-m+fp/hard\libgcc.a(_udivmoddi4.o)
 .ARM.attributes
                0x00000000000005a5       0x1e c:/program files/stm32cubeide_1.8.0/stm32cubeide/plugins/com.st.stm32cube.ide.mcu.externaltools.gnu-tools-for-stm32.9-2020-q2-update.win32_2.0.0.202105311346/tools/bin/../lib/gcc/arm-none-eabi/9.3.1/thumb/v7e-m+fp/hard\libgcc.a(_dvmd_tls.o)
 .ARM.attributes
                0x00000000000005c3       0x1e c:/program files/stm32cubeide_1.8.0/stm32cubeide/plugins/com.st.stm32cube.ide.mcu.externaltools.gnu-tools-for-stm32.9-2020-q2-update.win32_2.0.0.202105311346/tools/bin/../lib/gcc/arm-none-eabi/9.3.1/thumb/v7e-m+fp/hard/crtn.o
OUTPUT(Init_demo.elf elf32-littlearm)
LOAD linker stubs
LOAD c:/program files/stm32cubeide_1.8.0/stm32cubeide/plugins/com.st.stm32cube.ide.mcu.externaltools.gnu-tools-for-stm32.9-2020-q2-update.win32_2.0.0.202105311346/tools/bin/../lib/gcc/arm-none-eabi/9.3.1/../../../../arm-none-eabi/lib/thumb/v7e-m+fp/hard\libc.a
LOAD c:/program files/stm32cubeide_1.8.0/stm32cubeide/plugins/com.st.stm32cube.ide.mcu.externaltools.gnu-tools-for-stm32.9-2020-q2-update.win32_2.0.0.202105311346/tools/bin/../lib/gcc/arm-none-eabi/9.3.1/../../../../arm-none-eabi/lib/thumb/v7e-m+fp/hard\libm.a
LOAD c:/program files/stm32cubeide_1.8.0/stm32cubeide/plugins/com.st.stm32cube.ide.mcu.externaltools.gnu-tools-for-stm32.9-2020-q2-update.win32_2.0.0.202105311346/tools/bin/../lib/gcc/arm-none-eabi/9.3.1/thumb/v7e-m+fp/hard\libgcc.a

.debug_info     0x0000000000000000    0x160cb
 .debug_info    0x0000000000000000      0x754 ./Core/Src/gpio.o
 .debug_info    0x0000000000000754      0xa7d ./Core/Src/i2c.o
 .debug_info    0x00000000000011d1     0x13ca ./Core/Src/main.o
 .debug_info    0x000000000000259b      0x394 ./Core/Src/stm32f4xx_hal_msp.o
 .debug_info    0x000000000000292f      0x7be ./Core/Src/stm32f4xx_it.o
 .debug_info    0x00000000000030ed      0x5a4 ./Core/Src/system_stm32f4xx.o
 .debug_info    0x0000000000003691       0x22 ./Core/Startup/startup_stm32f407zetx.o
 .debug_info    0x00000000000036b3      0x9b2 ./Drivers/STM32F4xx_HAL_Driver/Src/stm32f4xx_hal.o
 .debug_info    0x0000000000004065      0xeef ./Drivers/STM32F4xx_HAL_Driver/Src/stm32f4xx_hal_cortex.o
 .debug_info    0x0000000000004f54      0x83e ./Drivers/STM32F4xx_HAL_Driver/Src/stm32f4xx_hal_gpio.o
 .debug_info    0x0000000000005792     0x264d ./Drivers/STM32F4xx_HAL_Driver/Src/stm32f4xx_hal_i2c.o
 .debug_info    0x0000000000007ddf     0x12dd ./Drivers/STM32F4xx_HAL_Driver/Src/stm32f4xx_hal_pcd.o
 .debug_info    0x00000000000090bc      0x7c3 ./Drivers/STM32F4xx_HAL_Driver/Src/stm32f4xx_hal_pcd_ex.o
 .debug_info    0x000000000000987f      0x996 ./Drivers/STM32F4xx_HAL_Driver/Src/stm32f4xx_hal_rcc.o
 .debug_info    0x000000000000a215     0x1ab4 ./Drivers/STM32F4xx_HAL_Driver/Src/stm32f4xx_ll_usb.o
 .debug_info    0x000000000000bcc9     0x198b ./Middlewares/ST/STM32_USB_Device_Library/Class/CDC/Src/usbd_cdc.o
 .debug_info    0x000000000000d654     0x13a7 ./Middlewares/ST/STM32_USB_Device_Library/Core/Src/usbd_core.o
 .debug_info    0x000000000000e9fb     0x1373 ./Middlewares/ST/STM32_USB_Device_Library/Core/Src/usbd_ctlreq.o
 .debug_info    0x000000000000fd6e     0x1095 ./Middlewares/ST/STM32_USB_Device_Library/Core/Src/usbd_ioreq.o
 .debug_info    0x0000000000010e03      0xffe ./USB_DEVICE/App/usb_device.o
 .debug_info    0x0000000000011e01     0x122f ./USB_DEVICE/App/usbd_cdc_if.o
 .debug_info    0x0000000000013030      0xdfa ./USB_DEVICE/App/usbd_desc.o
 .debug_info    0x0000000000013e2a     0x22a1 ./USB_DEVICE/Target/usbd_conf.o

.debug_abbrev   0x0000000000000000     0x32c3
 .debug_abbrev  0x0000000000000000      0x157 ./Core/Src/gpio.o
 .debug_abbrev  0x0000000000000157      0x1bb ./Core/Src/i2c.o
 .debug_abbrev  0x0000000000000312      0x26b ./Core/Src/main.o
 .debug_abbrev  0x000000000000057d      0x11d ./Core/Src/stm32f4xx_hal_msp.o
 .debug_abbrev  0x000000000000069a      0x1c0 ./Core/Src/stm32f4xx_it.o
 .debug_abbrev  0x000000000000085a      0x145 ./Core/Src/system_stm32f4xx.o
 .debug_abbrev  0x000000000000099f       0x12 ./Core/Startup/startup_stm32f407zetx.o
 .debug_abbrev  0x00000000000009b1      0x1ed ./Drivers/STM32F4xx_HAL_Driver/Src/stm32f4xx_hal.o
 .debug_abbrev  0x0000000000000b9e      0x33c ./Drivers/STM32F4xx_HAL_Driver/Src/stm32f4xx_hal_cortex.o
 .debug_abbrev  0x0000000000000eda      0x1f1 ./Drivers/STM32F4xx_HAL_Driver/Src/stm32f4xx_hal_gpio.o
 .debug_abbrev  0x00000000000010cb      0x282 ./Drivers/STM32F4xx_HAL_Driver/Src/stm32f4xx_hal_i2c.o
 .debug_abbrev  0x000000000000134d      0x2a0 ./Drivers/STM32F4xx_HAL_Driver/Src/stm32f4xx_hal_pcd.o
 .debug_abbrev  0x00000000000015ed      0x1fb ./Drivers/STM32F4xx_HAL_Driver/Src/stm32f4xx_hal_pcd_ex.o
 .debug_abbrev  0x00000000000017e8      0x275 ./Drivers/STM32F4xx_HAL_Driver/Src/stm32f4xx_hal_rcc.o
 .debug_abbrev  0x0000000000001a5d      0x2a7 ./Drivers/STM32F4xx_HAL_Driver/Src/stm32f4xx_ll_usb.o
 .debug_abbrev  0x0000000000001d04      0x2fc ./Middlewares/ST/STM32_USB_Device_Library/Class/CDC/Src/usbd_cdc.o
 .debug_abbrev  0x0000000000002000      0x2b7 ./Middlewares/ST/STM32_USB_Device_Library/Core/Src/usbd_core.o
 .debug_abbrev  0x00000000000022b7      0x2fc ./Middlewares/ST/STM32_USB_Device_Library/Core/Src/usbd_ctlreq.o
 .debug_abbrev  0x00000000000025b3      0x22a ./Middlewares/ST/STM32_USB_Device_Library/Core/Src/usbd_ioreq.o
 .debug_abbrev  0x00000000000027dd      0x204 ./USB_DEVICE/App/usb_device.o
 .debug_abbrev  0x00000000000029e1      0x30c ./USB_DEVICE/App/usbd_cdc_if.o
 .debug_abbrev  0x0000000000002ced      0x2aa ./USB_DEVICE/App/usbd_desc.o
 .debug_abbrev  0x0000000000002f97      0x32c ./USB_DEVICE/Target/usbd_conf.o

.debug_aranges  0x0000000000000000      0xe00
 .debug_aranges
                0x0000000000000000       0x20 ./Core/Src/gpio.o
 .debug_aranges
                0x0000000000000020       0x30 ./Core/Src/i2c.o
 .debug_aranges
                0x0000000000000050       0x38 ./Core/Src/main.o
 .debug_aranges
                0x0000000000000088       0x20 ./Core/Src/stm32f4xx_hal_msp.o
 .debug_aranges
                0x00000000000000a8       0x78 ./Core/Src/stm32f4xx_it.o
 .debug_aranges
                0x0000000000000120       0x28 ./Core/Src/system_stm32f4xx.o
 .debug_aranges
                0x0000000000000148       0x28 ./Core/Startup/startup_stm32f407zetx.o
 .debug_aranges
                0x0000000000000170       0xf0 ./Drivers/STM32F4xx_HAL_Driver/Src/stm32f4xx_hal.o
 .debug_aranges
                0x0000000000000260      0x118 ./Drivers/STM32F4xx_HAL_Driver/Src/stm32f4xx_hal_cortex.o
 .debug_aranges
                0x0000000000000378       0x58 ./Drivers/STM32F4xx_HAL_Driver/Src/stm32f4xx_hal_gpio.o
 .debug_aranges
                0x00000000000003d0      0x2a0 ./Drivers/STM32F4xx_HAL_Driver/Src/stm32f4xx_hal_i2c.o
 .debug_aranges
                0x0000000000000670      0x138 ./Drivers/STM32F4xx_HAL_Driver/Src/stm32f4xx_hal_pcd.o
 .debug_aranges
                0x00000000000007a8       0x38 ./Drivers/STM32F4xx_HAL_Driver/Src/stm32f4xx_hal_pcd_ex.o
 .debug_aranges
                0x00000000000007e0       0x88 ./Drivers/STM32F4xx_HAL_Driver/Src/stm32f4xx_hal_rcc.o
 .debug_aranges
                0x0000000000000868      0x198 ./Drivers/STM32F4xx_HAL_Driver/Src/stm32f4xx_ll_usb.o
 .debug_aranges
                0x0000000000000a00       0x90 ./Middlewares/ST/STM32_USB_Device_Library/Class/CDC/Src/usbd_cdc.o
 .debug_aranges
                0x0000000000000a90       0xb8 ./Middlewares/ST/STM32_USB_Device_Library/Core/Src/usbd_core.o
 .debug_aranges
                0x0000000000000b48       0x90 ./Middlewares/ST/STM32_USB_Device_Library/Core/Src/usbd_ctlreq.o
 .debug_aranges
                0x0000000000000bd8       0x50 ./Middlewares/ST/STM32_USB_Device_Library/Core/Src/usbd_ioreq.o
 .debug_aranges
                0x0000000000000c28       0x20 ./USB_DEVICE/App/usb_device.o
 .debug_aranges
                0x0000000000000c48       0x48 ./USB_DEVICE/App/usbd_cdc_if.o
 .debug_aranges
                0x0000000000000c90       0x60 ./USB_DEVICE/App/usbd_desc.o
 .debug_aranges
                0x0000000000000cf0      0x110 ./USB_DEVICE/Target/usbd_conf.o

.debug_ranges   0x0000000000000000      0xcc0
 .debug_ranges  0x0000000000000000       0x10 ./Core/Src/gpio.o
 .debug_ranges  0x0000000000000010       0x20 ./Core/Src/i2c.o
 .debug_ranges  0x0000000000000030       0x28 ./Core/Src/main.o
 .debug_ranges  0x0000000000000058       0x10 ./Core/Src/stm32f4xx_hal_msp.o
 .debug_ranges  0x0000000000000068       0x68 ./Core/Src/stm32f4xx_it.o
 .debug_ranges  0x00000000000000d0       0x18 ./Core/Src/system_stm32f4xx.o
 .debug_ranges  0x00000000000000e8       0x20 ./Core/Startup/startup_stm32f407zetx.o
 .debug_ranges  0x0000000000000108       0xe0 ./Drivers/STM32F4xx_HAL_Driver/Src/stm32f4xx_hal.o
 .debug_ranges  0x00000000000001e8      0x108 ./Drivers/STM32F4xx_HAL_Driver/Src/stm32f4xx_hal_cortex.o
 .debug_ranges  0x00000000000002f0       0x48 ./Drivers/STM32F4xx_HAL_Driver/Src/stm32f4xx_hal_gpio.o
 .debug_ranges  0x0000000000000338      0x2b8 ./Drivers/STM32F4xx_HAL_Driver/Src/stm32f4xx_hal_i2c.o
 .debug_ranges  0x00000000000005f0      0x128 ./Drivers/STM32F4xx_HAL_Driver/Src/stm32f4xx_hal_pcd.o
 .debug_ranges  0x0000000000000718       0x28 ./Drivers/STM32F4xx_HAL_Driver/Src/stm32f4xx_hal_pcd_ex.o
 .debug_ranges  0x0000000000000740       0x78 ./Drivers/STM32F4xx_HAL_Driver/Src/stm32f4xx_hal_rcc.o
 .debug_ranges  0x00000000000007b8      0x188 ./Drivers/STM32F4xx_HAL_Driver/Src/stm32f4xx_ll_usb.o
 .debug_ranges  0x0000000000000940       0x80 ./Middlewares/ST/STM32_USB_Device_Library/Class/CDC/Src/usbd_cdc.o
 .debug_ranges  0x00000000000009c0       0xa8 ./Middlewares/ST/STM32_USB_Device_Library/Core/Src/usbd_core.o
 .debug_ranges  0x0000000000000a68       0x80 ./Middlewares/ST/STM32_USB_Device_Library/Core/Src/usbd_ctlreq.o
 .debug_ranges  0x0000000000000ae8       0x40 ./Middlewares/ST/STM32_USB_Device_Library/Core/Src/usbd_ioreq.o
 .debug_ranges  0x0000000000000b28       0x10 ./USB_DEVICE/App/usb_device.o
 .debug_ranges  0x0000000000000b38       0x38 ./USB_DEVICE/App/usbd_cdc_if.o
 .debug_ranges  0x0000000000000b70       0x50 ./USB_DEVICE/App/usbd_desc.o
 .debug_ranges  0x0000000000000bc0      0x100 ./USB_DEVICE/Target/usbd_conf.o

.debug_macro    0x0000000000000000    0x2373d
 .debug_macro   0x0000000000000000      0x207 ./Core/Src/gpio.o
 .debug_macro   0x0000000000000207      0xaa8 ./Core/Src/gpio.o
 .debug_macro   0x0000000000000caf      0x2a2 ./Core/Src/gpio.o
 .debug_macro   0x0000000000000f51       0x2e ./Core/Src/gpio.o
 .debug_macro   0x0000000000000f7f       0x2f ./Core/Src/gpio.o
 .debug_macro   0x0000000000000fae       0x22 ./Core/Src/gpio.o
 .debug_macro   0x0000000000000fd0       0x8e ./Core/Src/gpio.o
 .debug_macro   0x000000000000105e       0x51 ./Core/Src/gpio.o
 .debug_macro   0x00000000000010af      0x103 ./Core/Src/gpio.o
 .debug_macro   0x00000000000011b2       0x6a ./Core/Src/gpio.o
 .debug_macro   0x000000000000121c      0x1df ./Core/Src/gpio.o
 .debug_macro   0x00000000000013fb       0x1c ./Core/Src/gpio.o
 .debug_macro   0x0000000000001417       0x22 ./Core/Src/gpio.o
 .debug_macro   0x0000000000001439       0xdf ./Core/Src/gpio.o
 .debug_macro   0x0000000000001518     0x102d ./Core/Src/gpio.o
 .debug_macro   0x0000000000002545      0x11f ./Core/Src/gpio.o
 .debug_macro   0x0000000000002664    0x15e58 ./Core/Src/gpio.o
 .debug_macro   0x00000000000184bc       0x6d ./Core/Src/gpio.o
 .debug_macro   0x0000000000018529     0x3666 ./Core/Src/gpio.o
 .debug_macro   0x000000000001bb8f      0x174 ./Core/Src/gpio.o
 .debug_macro   0x000000000001bd03       0x5c ./Core/Src/gpio.o
 .debug_macro   0x000000000001bd5f      0x96b ./Core/Src/gpio.o
 .debug_macro   0x000000000001c6ca      0x9fe ./Core/Src/gpio.o
 .debug_macro   0x000000000001d0c8      0x116 ./Core/Src/gpio.o
 .debug_macro   0x000000000001d1de      0x13e ./Core/Src/gpio.o
 .debug_macro   0x000000000001d31c       0xa5 ./Core/Src/gpio.o
 .debug_macro   0x000000000001d3c1      0x174 ./Core/Src/gpio.o
 .debug_macro   0x000000000001d535      0x287 ./Core/Src/gpio.o
 .debug_macro   0x000000000001d7bc       0x5f ./Core/Src/gpio.o
 .debug_macro   0x000000000001d81b      0x236 ./Core/Src/gpio.o
 .debug_macro   0x000000000001da51      0x12c ./Core/Src/gpio.o
 .debug_macro   0x000000000001db7d      0x21e ./Core/Src/gpio.o
 .debug_macro   0x000000000001dd9b       0x2e ./Core/Src/gpio.o
 .debug_macro   0x000000000001ddc9      0x1b5 ./Core/Src/gpio.o
 .debug_macro   0x000000000001df7e       0xd6 ./Core/Src/gpio.o
 .debug_macro   0x000000000001e054      0x11a ./Core/Src/gpio.o
 .debug_macro   0x000000000001e16e       0x7e ./Core/Src/gpio.o
 .debug_macro   0x000000000001e1ec       0x89 ./Core/Src/gpio.o
 .debug_macro   0x000000000001e275      0x21e ./Core/Src/gpio.o
 .debug_macro   0x000000000001e493       0xba ./Core/Src/gpio.o
 .debug_macro   0x000000000001e54d      0x12d ./Core/Src/gpio.o
 .debug_macro   0x000000000001e67a       0x52 ./Core/Src/gpio.o
 .debug_macro   0x000000000001e6cc      0x207 ./Core/Src/i2c.o
 .debug_macro   0x000000000001e8d3      0x400 ./Core/Src/main.o
 .debug_macro   0x000000000001ecd3       0x52 ./Core/Src/main.o
 .debug_macro   0x000000000001ed25       0x18 ./Core/Src/main.o
 .debug_macro   0x000000000001ed3d       0x3c ./Core/Src/main.o
 .debug_macro   0x000000000001ed79       0x34 ./Core/Src/main.o
 .debug_macro   0x000000000001edad       0x16 ./Core/Src/main.o
 .debug_macro   0x000000000001edc3       0x35 ./Core/Src/main.o
 .debug_macro   0x000000000001edf8      0x333 ./Core/Src/main.o
 .debug_macro   0x000000000001f12b       0x10 ./Core/Src/main.o
 .debug_macro   0x000000000001f13b       0x16 ./Core/Src/main.o
 .debug_macro   0x000000000001f151       0x43 ./Core/Src/main.o
 .debug_macro   0x000000000001f194       0x34 ./Core/Src/main.o
 .debug_macro   0x000000000001f1c8       0x10 ./Core/Src/main.o
 .debug_macro   0x000000000001f1d8       0x58 ./Core/Src/main.o
 .debug_macro   0x000000000001f230       0x71 ./Core/Src/main.o
 .debug_macro   0x000000000001f2a1       0x1c ./Core/Src/main.o
 .debug_macro   0x000000000001f2bd      0x12a ./Core/Src/main.o
 .debug_macro   0x000000000001f3e7       0x10 ./Core/Src/main.o
 .debug_macro   0x000000000001f3f7       0x1c ./Core/Src/main.o
 .debug_macro   0x000000000001f413       0x52 ./Core/Src/main.o
 .debug_macro   0x000000000001f465       0x22 ./Core/Src/main.o
 .debug_macro   0x000000000001f487       0x10 ./Core/Src/main.o
 .debug_macro   0x000000000001f497       0x40 ./Core/Src/main.o
 .debug_macro   0x000000000001f4d7       0xd5 ./Core/Src/main.o
 .debug_macro   0x000000000001f5ac       0x1c ./Core/Src/main.o
 .debug_macro   0x000000000001f5c8       0x3d ./Core/Src/main.o
 .debug_macro   0x000000000001f605       0x16 ./Core/Src/main.o
 .debug_macro   0x000000000001f61b      0x145 ./Core/Src/main.o
 .debug_macro   0x000000000001f760       0x16 ./Core/Src/main.o
 .debug_macro   0x000000000001f776       0x16 ./Core/Src/main.o
 .debug_macro   0x000000000001f78c       0x29 ./Core/Src/main.o
 .debug_macro   0x000000000001f7b5       0x16 ./Core/Src/main.o
 .debug_macro   0x000000000001f7cb       0x20 ./Core/Src/main.o
 .debug_macro   0x000000000001f7eb       0x65 ./Core/Src/main.o
 .debug_macro   0x000000000001f850      0x1ef ./Core/Src/main.o
 .debug_macro   0x000000000001fa3f      0x1fd ./Core/Src/stm32f4xx_hal_msp.o
 .debug_macro   0x000000000001fc3c      0x207 ./Core/Src/stm32f4xx_it.o
 .debug_macro   0x000000000001fe43      0x1ee ./Core/Src/system_stm32f4xx.o
 .debug_macro   0x0000000000020031      0x24e ./Drivers/STM32F4xx_HAL_Driver/Src/stm32f4xx_hal.o
 .debug_macro   0x000000000002027f      0x1ee ./Drivers/STM32F4xx_HAL_Driver/Src/stm32f4xx_hal_cortex.o
 .debug_macro   0x000000000002046d      0x1f4 ./Drivers/STM32F4xx_HAL_Driver/Src/stm32f4xx_hal_gpio.o
 .debug_macro   0x0000000000020661      0x235 ./Drivers/STM32F4xx_HAL_Driver/Src/stm32f4xx_hal_i2c.o
 .debug_macro   0x0000000000020896      0x1fa ./Drivers/STM32F4xx_HAL_Driver/Src/stm32f4xx_hal_pcd.o
 .debug_macro   0x0000000000020a90      0x1ee ./Drivers/STM32F4xx_HAL_Driver/Src/stm32f4xx_hal_pcd_ex.o
 .debug_macro   0x0000000000020c7e      0x212 ./Drivers/STM32F4xx_HAL_Driver/Src/stm32f4xx_hal_rcc.o
 .debug_macro   0x0000000000020e90      0x1ee ./Drivers/STM32F4xx_HAL_Driver/Src/stm32f4xx_ll_usb.o
 .debug_macro   0x000000000002107e      0x413 ./Middlewares/ST/STM32_USB_Device_Library/Class/CDC/Src/usbd_cdc.o
 .debug_macro   0x0000000000021491       0x97 ./Middlewares/ST/STM32_USB_Device_Library/Class/CDC/Src/usbd_cdc.o
 .debug_macro   0x0000000000021528       0xfd ./Middlewares/ST/STM32_USB_Device_Library/Class/CDC/Src/usbd_cdc.o
 .debug_macro   0x0000000000021625       0xd9 ./Middlewares/ST/STM32_USB_Device_Library/Class/CDC/Src/usbd_cdc.o
 .debug_macro   0x00000000000216fe       0x56 ./Middlewares/ST/STM32_USB_Device_Library/Class/CDC/Src/usbd_cdc.o
 .debug_macro   0x0000000000021754       0x95 ./Middlewares/ST/STM32_USB_Device_Library/Class/CDC/Src/usbd_cdc.o
 .debug_macro   0x00000000000217e9      0x3fa ./Middlewares/ST/STM32_USB_Device_Library/Core/Src/usbd_core.o
 .debug_macro   0x0000000000021be3      0x1f5 ./Middlewares/ST/STM32_USB_Device_Library/Core/Src/usbd_core.o
 .debug_macro   0x0000000000021dd8      0x404 ./Middlewares/ST/STM32_USB_Device_Library/Core/Src/usbd_ctlreq.o
 .debug_macro   0x00000000000221dc      0x400 ./Middlewares/ST/STM32_USB_Device_Library/Core/Src/usbd_ioreq.o
 .debug_macro   0x00000000000225dc      0x433 ./USB_DEVICE/App/usb_device.o
 .debug_macro   0x0000000000022a0f       0x58 ./USB_DEVICE/App/usb_device.o
 .debug_macro   0x0000000000022a67       0x22 ./USB_DEVICE/App/usb_device.o
 .debug_macro   0x0000000000022a89       0x16 ./USB_DEVICE/App/usb_device.o
 .debug_macro   0x0000000000022a9f      0x41e ./USB_DEVICE/App/usbd_cdc_if.o
 .debug_macro   0x0000000000022ebd       0x10 ./USB_DEVICE/App/usbd_cdc_if.o
 .debug_macro   0x0000000000022ecd      0x43d ./USB_DEVICE/App/usbd_desc.o
 .debug_macro   0x000000000002330a       0x1c ./USB_DEVICE/App/usbd_desc.o
 .debug_macro   0x0000000000023326      0x417 ./USB_DEVICE/Target/usbd_conf.o

.debug_line     0x0000000000000000    0x13e91
 .debug_line    0x0000000000000000      0x74c ./Core/Src/gpio.o
 .debug_line    0x000000000000074c      0x78b ./Core/Src/i2c.o
 .debug_line    0x0000000000000ed7      0xa85 ./Core/Src/main.o
 .debug_line    0x000000000000195c      0x721 ./Core/Src/stm32f4xx_hal_msp.o
 .debug_line    0x000000000000207d      0x832 ./Core/Src/stm32f4xx_it.o
 .debug_line    0x00000000000028af      0x7a3 ./Core/Src/system_stm32f4xx.o
 .debug_line    0x0000000000003052       0x88 ./Core/Startup/startup_stm32f407zetx.o
 .debug_line    0x00000000000030da      0xa1d ./Drivers/STM32F4xx_HAL_Driver/Src/stm32f4xx_hal.o
 .debug_line    0x0000000000003af7      0xe7d ./Drivers/STM32F4xx_HAL_Driver/Src/stm32f4xx_hal_cortex.o
 .debug_line    0x0000000000004974      0xd5b ./Drivers/STM32F4xx_HAL_Driver/Src/stm32f4xx_hal_gpio.o
 .debug_line    0x00000000000056cf     0x3bfc ./Drivers/STM32F4xx_HAL_Driver/Src/stm32f4xx_hal_i2c.o
 .debug_line    0x00000000000092cb     0x1365 ./Drivers/STM32F4xx_HAL_Driver/Src/stm32f4xx_hal_pcd.o
 .debug_line    0x000000000000a630      0x7ec ./Drivers/STM32F4xx_HAL_Driver/Src/stm32f4xx_hal_pcd_ex.o
 .debug_line    0x000000000000ae1c      0xf3f ./Drivers/STM32F4xx_HAL_Driver/Src/stm32f4xx_hal_rcc.o
 .debug_line    0x000000000000bd5b     0x1998 ./Drivers/STM32F4xx_HAL_Driver/Src/stm32f4xx_ll_usb.o
 .debug_line    0x000000000000d6f3      0xdfa ./Middlewares/ST/STM32_USB_Device_Library/Class/CDC/Src/usbd_cdc.o
 .debug_line    0x000000000000e4ed      0xe7d ./Middlewares/ST/STM32_USB_Device_Library/Core/Src/usbd_core.o
 .debug_line    0x000000000000f36a     0x10fd ./Middlewares/ST/STM32_USB_Device_Library/Core/Src/usbd_ctlreq.o
 .debug_line    0x0000000000010467      0xad4 ./Middlewares/ST/STM32_USB_Device_Library/Core/Src/usbd_ioreq.o
 .debug_line    0x0000000000010f3b      0xa90 ./USB_DEVICE/App/usb_device.o
 .debug_line    0x00000000000119cb      0xaf7 ./USB_DEVICE/App/usbd_cdc_if.o
 .debug_line    0x00000000000124c2      0xb59 ./USB_DEVICE/App/usbd_desc.o
 .debug_line    0x000000000001301b      0xe76 ./USB_DEVICE/Target/usbd_conf.o

.debug_str      0x0000000000000000    0xc6787
 .debug_str     0x0000000000000000    0xbd99e ./Core/Src/gpio.o
                                      0xbdc60 (size before relaxing)
 .debug_str     0x00000000000bd99e      0x507 ./Core/Src/i2c.o
                                      0xbdc72 (size before relaxing)
 .debug_str     0x00000000000bdea5     0x4cb0 ./Core/Src/main.o
                                      0xc2956 (size before relaxing)
 .debug_str     0x00000000000c2b55       0x2c ./Core/Src/stm32f4xx_hal_msp.o
                                      0xbd6d5 (size before relaxing)
 .debug_str     0x00000000000c2b81      0x42d ./Core/Src/stm32f4xx_it.o
                                      0xbda7b (size before relaxing)
 .debug_str     0x00000000000c2fae       0xaf ./Core/Src/system_stm32f4xx.o
                                      0xbd61c (size before relaxing)
 .debug_str     0x00000000000c305d       0x36 ./Core/Startup/startup_stm32f407zetx.o
                                         0x71 (size before relaxing)
 .debug_str     0x00000000000c3093      0x583 ./Drivers/STM32F4xx_HAL_Driver/Src/stm32f4xx_hal.o
                                      0xbe0fe (size before relaxing)
 .debug_str     0x00000000000c3616      0x399 ./Drivers/STM32F4xx_HAL_Driver/Src/stm32f4xx_hal_cortex.o
                                      0xbdf01 (size before relaxing)
 .debug_str     0x00000000000c39af      0x13f ./Drivers/STM32F4xx_HAL_Driver/Src/stm32f4xx_hal_gpio.o
                                      0xbd7c3 (size before relaxing)
 .debug_str     0x00000000000c3aee      0xaab ./Drivers/STM32F4xx_HAL_Driver/Src/stm32f4xx_hal_i2c.o
                                      0xbe59e (size before relaxing)
 .debug_str     0x00000000000c4599      0x564 ./Drivers/STM32F4xx_HAL_Driver/Src/stm32f4xx_hal_pcd.o
                                      0xbde06 (size before relaxing)
 .debug_str     0x00000000000c4afd      0x13f ./Drivers/STM32F4xx_HAL_Driver/Src/stm32f4xx_hal_pcd_ex.o
                                      0xbd9d1 (size before relaxing)
 .debug_str     0x00000000000c4c3c      0x24e ./Drivers/STM32F4xx_HAL_Driver/Src/stm32f4xx_hal_rcc.o
                                      0xbda1e (size before relaxing)
 .debug_str     0x00000000000c4e8a      0x6a3 ./Drivers/STM32F4xx_HAL_Driver/Src/stm32f4xx_ll_usb.o
                                      0xbdf3d (size before relaxing)
 .debug_str     0x00000000000c552d      0x929 ./Middlewares/ST/STM32_USB_Device_Library/Class/CDC/Src/usbd_cdc.o
                                      0xc2f1c (size before relaxing)
 .debug_str     0x00000000000c5e56      0x1a2 ./Middlewares/ST/STM32_USB_Device_Library/Core/Src/usbd_core.o
                                      0xc27a8 (size before relaxing)
 .debug_str     0x00000000000c5ff8      0x152 ./Middlewares/ST/STM32_USB_Device_Library/Core/Src/usbd_ctlreq.o
                                      0xc2766 (size before relaxing)
 .debug_str     0x00000000000c614a       0xc9 ./Middlewares/ST/STM32_USB_Device_Library/Core/Src/usbd_ioreq.o
                                      0xc26b6 (size before relaxing)
 .debug_str     0x00000000000c6213      0x118 ./USB_DEVICE/App/usb_device.o
                                      0xc2a45 (size before relaxing)
 .debug_str     0x00000000000c632b       0x9a ./USB_DEVICE/App/usbd_cdc_if.o
                                      0xc2a97 (size before relaxing)
 .debug_str     0x00000000000c63c5      0x26e ./USB_DEVICE/App/usbd_desc.o
                                      0xc2608 (size before relaxing)
 .debug_str     0x00000000000c6633      0x154 ./USB_DEVICE/Target/usbd_conf.o
                                      0xc3646 (size before relaxing)

.comment        0x0000000000000000       0x53
 .comment       0x0000000000000000       0x53 ./Core/Src/gpio.o
                                         0x54 (size before relaxing)
 .comment       0x0000000000000053       0x54 ./Core/Src/i2c.o
 .comment       0x0000000000000053       0x54 ./Core/Src/main.o
 .comment       0x0000000000000053       0x54 ./Core/Src/stm32f4xx_hal_msp.o
 .comment       0x0000000000000053       0x54 ./Core/Src/stm32f4xx_it.o
 .comment       0x0000000000000053       0x54 ./Core/Src/system_stm32f4xx.o
 .comment       0x0000000000000053       0x54 ./Drivers/STM32F4xx_HAL_Driver/Src/stm32f4xx_hal.o
 .comment       0x0000000000000053       0x54 ./Drivers/STM32F4xx_HAL_Driver/Src/stm32f4xx_hal_cortex.o
 .comment       0x0000000000000053       0x54 ./Drivers/STM32F4xx_HAL_Driver/Src/stm32f4xx_hal_gpio.o
 .comment       0x0000000000000053       0x54 ./Drivers/STM32F4xx_HAL_Driver/Src/stm32f4xx_hal_i2c.o
 .comment       0x0000000000000053       0x54 ./Drivers/STM32F4xx_HAL_Driver/Src/stm32f4xx_hal_pcd.o
 .comment       0x0000000000000053       0x54 ./Drivers/STM32F4xx_HAL_Driver/Src/stm32f4xx_hal_pcd_ex.o
 .comment       0x0000000000000053       0x54 ./Drivers/STM32F4xx_HAL_Driver/Src/stm32f4xx_hal_rcc.o
 .comment       0x0000000000000053       0x54 ./Drivers/STM32F4xx_HAL_Driver/Src/stm32f4xx_ll_usb.o
 .comment       0x0000000000000053       0x54 ./Middlewares/ST/STM32_USB_Device_Library/Class/CDC/Src/usbd_cdc.o
 .comment       0x0000000000000053       0x54 ./Middlewares/ST/STM32_USB_Device_Library/Core/Src/usbd_core.o
 .comment       0x0000000000000053       0x54 ./Middlewares/ST/STM32_USB_Device_Library/Core/Src/usbd_ctlreq.o
 .comment       0x0000000000000053       0x54 ./Middlewares/ST/STM32_USB_Device_Library/Core/Src/usbd_ioreq.o
 .comment       0x0000000000000053       0x54 ./USB_DEVICE/App/usb_device.o
 .comment       0x0000000000000053       0x54 ./USB_DEVICE/App/usbd_cdc_if.o
 .comment       0x0000000000000053       0x54 ./USB_DEVICE/App/usbd_desc.o
 .comment       0x0000000000000053       0x54 ./USB_DEVICE/Target/usbd_conf.o

.debug_frame    0x0000000000000000     0x3880
 .debug_frame   0x0000000000000000       0x34 ./Core/Src/gpio.o
 .debug_frame   0x0000000000000034       0x74 ./Core/Src/i2c.o
 .debug_frame   0x00000000000000a8       0x90 ./Core/Src/main.o
 .debug_frame   0x0000000000000138       0x38 ./Core/Src/stm32f4xx_hal_msp.o
 .debug_frame   0x0000000000000170      0x160 ./Core/Src/stm32f4xx_it.o
 .debug_frame   0x00000000000002d0       0x58 ./Core/Src/system_stm32f4xx.o
 .debug_frame   0x0000000000000328      0x374 ./Drivers/STM32F4xx_HAL_Driver/Src/stm32f4xx_hal.o
 .debug_frame   0x000000000000069c      0x494 ./Drivers/STM32F4xx_HAL_Driver/Src/stm32f4xx_hal_cortex.o
 .debug_frame   0x0000000000000b30      0x13c ./Drivers/STM32F4xx_HAL_Driver/Src/stm32f4xx_hal_gpio.o
 .debug_frame   0x0000000000000c6c      0xc48 ./Drivers/STM32F4xx_HAL_Driver/Src/stm32f4xx_hal_i2c.o
 .debug_frame   0x00000000000018b4      0x574 ./Drivers/STM32F4xx_HAL_Driver/Src/stm32f4xx_hal_pcd.o
 .debug_frame   0x0000000000001e28       0xb0 ./Drivers/STM32F4xx_HAL_Driver/Src/stm32f4xx_hal_pcd_ex.o
 .debug_frame   0x0000000000001ed8      0x1f4 ./Drivers/STM32F4xx_HAL_Driver/Src/stm32f4xx_hal_rcc.o
 .debug_frame   0x00000000000020cc      0x798 ./Drivers/STM32F4xx_HAL_Driver/Src/stm32f4xx_ll_usb.o
 .debug_frame   0x0000000000002864      0x248 ./Middlewares/ST/STM32_USB_Device_Library/Class/CDC/Src/usbd_cdc.o
 .debug_frame   0x0000000000002aac      0x2f4 ./Middlewares/ST/STM32_USB_Device_Library/Core/Src/usbd_core.o
 .debug_frame   0x0000000000002da0      0x23c ./Middlewares/ST/STM32_USB_Device_Library/Core/Src/usbd_ctlreq.o
 .debug_frame   0x0000000000002fdc      0x10c ./Middlewares/ST/STM32_USB_Device_Library/Core/Src/usbd_ioreq.o
 .debug_frame   0x00000000000030e8       0x2c ./USB_DEVICE/App/usb_device.o
 .debug_frame   0x0000000000003114       0xe4 ./USB_DEVICE/App/usbd_cdc_if.o
 .debug_frame   0x00000000000031f8      0x160 ./USB_DEVICE/App/usbd_desc.o
 .debug_frame   0x0000000000003358      0x47c ./USB_DEVICE/Target/usbd_conf.o
 .debug_frame   0x00000000000037d4       0x2c c:/program files/stm32cubeide_1.8.0/stm32cubeide/plugins/com.st.stm32cube.ide.mcu.externaltools.gnu-tools-for-stm32.9-2020-q2-update.win32_2.0.0.202105311346/tools/bin/../lib/gcc/arm-none-eabi/9.3.1/../../../../arm-none-eabi/lib/thumb/v7e-m+fp/hard\libc_nano.a(lib_a-init.o)
 .debug_frame   0x0000000000003800       0x20 c:/program files/stm32cubeide_1.8.0/stm32cubeide/plugins/com.st.stm32cube.ide.mcu.externaltools.gnu-tools-for-stm32.9-2020-q2-update.win32_2.0.0.202105311346/tools/bin/../lib/gcc/arm-none-eabi/9.3.1/../../../../arm-none-eabi/lib/thumb/v7e-m+fp/hard\libc_nano.a(lib_a-memset.o)